Archive member included to satisfy reference by file (symbol)

/usr/lib/gcc/arm-none-eabi/10.3.1/../../../arm-none-eabi/lib/thumb/v6-m/nofp/libstdc++.a(pure.o)
                              CMakeFiles/st7735.dir/home/rbp28668/Projects/pico/PicoHardware/spi.cpp.obj (__cxa_pure_virtual)
/usr/lib/gcc/arm-none-eabi/10.3.1/../../../arm-none-eabi/lib/thumb/v6-m/nofp/libstdc++.a(eh_terminate.o)
                              /usr/lib/gcc/arm-none-eabi/10.3.1/../../../arm-none-eabi/lib/thumb/v6-m/nofp/libstdc++.a(pure.o) (std::terminate())
/usr/lib/gcc/arm-none-eabi/10.3.1/../../../arm-none-eabi/lib/thumb/v6-m/nofp/libstdc++.a(eh_unex_handler.o)
                              /usr/lib/gcc/arm-none-eabi/10.3.1/../../../arm-none-eabi/lib/thumb/v6-m/nofp/libstdc++.a(eh_terminate.o) (__cxxabiv1::__unexpected_handler)
/usr/lib/gcc/arm-none-eabi/10.3.1/../../../arm-none-eabi/lib/thumb/v6-m/nofp/libstdc++.a(eh_arm.o)
                              /usr/lib/gcc/arm-none-eabi/10.3.1/../../../arm-none-eabi/lib/thumb/v6-m/nofp/libstdc++.a(eh_terminate.o) (__cxa_end_cleanup)
/usr/lib/gcc/arm-none-eabi/10.3.1/../../../arm-none-eabi/lib/thumb/v6-m/nofp/libstdc++.a(eh_call.o)
                              /usr/lib/gcc/arm-none-eabi/10.3.1/../../../arm-none-eabi/lib/thumb/v6-m/nofp/libstdc++.a(eh_terminate.o) (__cxa_call_unexpected)
/usr/lib/gcc/arm-none-eabi/10.3.1/../../../arm-none-eabi/lib/thumb/v6-m/nofp/libstdc++.a(eh_catch.o)
                              /usr/lib/gcc/arm-none-eabi/10.3.1/../../../arm-none-eabi/lib/thumb/v6-m/nofp/libstdc++.a(eh_terminate.o) (__cxa_begin_catch)
/usr/lib/gcc/arm-none-eabi/10.3.1/../../../arm-none-eabi/lib/thumb/v6-m/nofp/libstdc++.a(eh_exception.o)
                              /usr/lib/gcc/arm-none-eabi/10.3.1/../../../arm-none-eabi/lib/thumb/v6-m/nofp/libstdc++.a(eh_call.o) (std::bad_exception::~bad_exception())
/usr/lib/gcc/arm-none-eabi/10.3.1/../../../arm-none-eabi/lib/thumb/v6-m/nofp/libstdc++.a(eh_globals.o)
                              /usr/lib/gcc/arm-none-eabi/10.3.1/../../../arm-none-eabi/lib/thumb/v6-m/nofp/libstdc++.a(eh_call.o) (__cxa_get_globals_fast)
/usr/lib/gcc/arm-none-eabi/10.3.1/../../../arm-none-eabi/lib/thumb/v6-m/nofp/libstdc++.a(eh_personality.o)
                              /usr/lib/gcc/arm-none-eabi/10.3.1/../../../arm-none-eabi/lib/thumb/v6-m/nofp/libstdc++.a(eh_terminate.o) (__gxx_personality_v0)
/usr/lib/gcc/arm-none-eabi/10.3.1/../../../arm-none-eabi/lib/thumb/v6-m/nofp/libstdc++.a(eh_term_handler.o)
                              /usr/lib/gcc/arm-none-eabi/10.3.1/../../../arm-none-eabi/lib/thumb/v6-m/nofp/libstdc++.a(eh_terminate.o) (__cxxabiv1::__terminate_handler)
/usr/lib/gcc/arm-none-eabi/10.3.1/../../../arm-none-eabi/lib/thumb/v6-m/nofp/libstdc++.a(eh_throw.o)
                              /usr/lib/gcc/arm-none-eabi/10.3.1/../../../arm-none-eabi/lib/thumb/v6-m/nofp/libstdc++.a(eh_call.o) (__cxa_throw)
/usr/lib/gcc/arm-none-eabi/10.3.1/../../../arm-none-eabi/lib/thumb/v6-m/nofp/libstdc++.a(si_class_type_info.o)
                              /usr/lib/gcc/arm-none-eabi/10.3.1/../../../arm-none-eabi/lib/thumb/v6-m/nofp/libstdc++.a(eh_exception.o) (vtable for __cxxabiv1::__si_class_type_info)
/usr/lib/gcc/arm-none-eabi/10.3.1/../../../arm-none-eabi/lib/thumb/v6-m/nofp/libstdc++.a(tinfo.o)
                              /usr/lib/gcc/arm-none-eabi/10.3.1/../../../arm-none-eabi/lib/thumb/v6-m/nofp/libstdc++.a(si_class_type_info.o) (std::type_info::__is_pointer_p() const)
/usr/lib/gcc/arm-none-eabi/10.3.1/../../../arm-none-eabi/lib/thumb/v6-m/nofp/libstdc++.a(class_type_info.o)
                              /usr/lib/gcc/arm-none-eabi/10.3.1/../../../arm-none-eabi/lib/thumb/v6-m/nofp/libstdc++.a(si_class_type_info.o) (__cxxabiv1::__class_type_info::__do_upcast(__cxxabiv1::__class_type_info const*, void**) const)
/usr/lib/gcc/arm-none-eabi/10.3.1/../../../arm-none-eabi/lib/thumb/v6-m/nofp/libstdc++.a(eh_alloc.o)
                              /usr/lib/gcc/arm-none-eabi/10.3.1/../../../arm-none-eabi/lib/thumb/v6-m/nofp/libstdc++.a(eh_call.o) (__cxa_allocate_exception)
/usr/lib/gcc/arm-none-eabi/10.3.1/thumb/v6-m/nofp/libgcc.a(_dvmd_tls.o)
                              CMakeFiles/st7735.dir/home/rbp28668/pico/pico-sdk/src/rp2_common/pico_divider/divider.S.obj (__aeabi_idiv0)
/usr/lib/gcc/arm-none-eabi/10.3.1/thumb/v6-m/nofp/libgcc.a(unwind-arm.o)
                              /usr/lib/gcc/arm-none-eabi/10.3.1/../../../arm-none-eabi/lib/thumb/v6-m/nofp/libstdc++.a(eh_arm.o) (__aeabi_unwind_cpp_pr1)
/usr/lib/gcc/arm-none-eabi/10.3.1/thumb/v6-m/nofp/libgcc.a(libunwind.o)
                              /usr/lib/gcc/arm-none-eabi/10.3.1/thumb/v6-m/nofp/libgcc.a(unwind-arm.o) (restore_core_regs)
/usr/lib/gcc/arm-none-eabi/10.3.1/thumb/v6-m/nofp/libgcc.a(pr-support.o)
                              /usr/lib/gcc/arm-none-eabi/10.3.1/thumb/v6-m/nofp/libgcc.a(unwind-arm.o) (__gnu_unwind_execute)
[...]
Memory Configuration

Name             Origin             Length             Attributes
FLASH            0x0000000010000000 0x0000000000200000 xr
RAM              0x0000000020000000 0x0000000000040000 xrw
SCRATCH_X        0x0000000020040000 0x0000000000001000 xrw
SCRATCH_Y        0x0000000020041000 0x0000000000001000 xrw
*default*        0x0000000000000000 0xffffffffffffffff

Linker script and memory map

LOAD /usr/lib/gcc/arm-none-eabi/10.3.1/thumb/v6-m/nofp/crti.o
LOAD /usr/lib/gcc/arm-none-eabi/10.3.1/thumb/v6-m/nofp/crtbegin.o
LOAD /usr/lib/gcc/arm-none-eabi/10.3.1/../../../arm-none-eabi/lib/thumb/v6-m/nofp/crt0.o

.flash_begin    0x0000000010000000        0x0
                0x0000000010000000                __flash_binary_start = .

.boot2          0x0000000010000000      0x100
                0x0000000010000000                __boot2_start__ = .
 *(.boot2)
 .boot2         0x0000000010000000      0x100 /tmp/cchn0xhr.o
                0x0000000010000100                __boot2_end__ = .
                0x0000000000000001                ASSERT (((__boot2_end__ - __boot2_start__) == 0x100), ERROR: Pico second stage bootloader must be 256 bytes in size)

.text           0x0000000010000100     0x9490
                0x0000000010000100                __logical_binary_start = .
 *(.vectors)
 .vectors       0x0000000010000100       0xd4 CMakeFiles/st7735.dir/home/rbp28668/pico/pico-sdk/src/rp2_common/pico_standard_link/crt0.S.obj
                0x0000000010000100                __vectors
                0x0000000010000100                __VECTOR_TABLE
                0x00000000100001c0                isr_invalid
                0x00000000100001c0                __default_isrs_start
                0x00000000100001c2                isr_nmi
                0x00000000100001c4                isr_hardfault
                0x00000000100001c6                isr_svcall
                0x00000000100001c8                isr_pendsv
                0x00000000100001ca                isr_systick
                0x00000000100001cc                isr_irq30
                0x00000000100001cc                __unhandled_user_irq
                0x00000000100001cc                isr_irq13
                0x00000000100001cc                isr_irq27
                0x00000000100001cc                isr_irq31
                0x00000000100001cc                isr_irq5
                0x00000000100001cc                isr_irq11
                0x00000000100001cc                isr_irq23
                0x00000000100001cc                isr_irq18
                0x00000000100001cc                isr_irq28
                0x00000000100001cc                isr_irq19
                0x00000000100001cc                isr_irq0
                0x00000000100001cc                isr_irq6
                0x00000000100001cc                isr_irq22
                0x00000000100001cc                isr_irq17
                0x00000000100001cc                isr_irq14
                0x00000000100001cc                isr_irq2
                0x00000000100001cc                isr_irq10
                0x00000000100001cc                isr_irq8
                0x00000000100001cc                isr_irq24
                0x00000000100001cc                isr_irq1
                0x00000000100001cc                isr_irq7
                0x00000000100001cc                isr_irq21
                0x00000000100001cc                isr_irq20
                0x00000000100001cc                isr_irq15
                0x00000000100001cc                isr_irq25
                0x00000000100001cc                isr_irq4
                0x00000000100001cc                isr_irq16
                0x00000000100001cc                isr_irq29
                0x00000000100001cc                isr_irq26
                0x00000000100001cc                __default_isrs_end
                0x00000000100001cc                isr_irq3
                0x00000000100001cc                isr_irq12
                0x00000000100001cc                isr_irq9
                0x00000000100001d2                unhandled_user_irq_num_in_r0
 *(.binary_info_header)
 .binary_info_header
                0x00000000100001d4       0x14 CMakeFiles/st7735.dir/home/rbp28668/pico/pico-sdk/src/rp2_common/pico_standard_link/crt0.S.obj
                0x00000000100001e8                __binary_info_header_end = .
 *(.reset)
 .reset         0x00000000100001e8       0xa8 CMakeFiles/st7735.dir/home/rbp28668/pico/pico-sdk/src/rp2_common/pico_standard_link/crt0.S.obj
                0x00000000100001e8                _entry_point
                0x0000000010000266                __get_current_exception
 .reset         0x0000000010000290       0x30 CMakeFiles/st7735.dir/home/rbp28668/pico/pico-sdk/src/rp2_common/pico_standard_link/binary_info.c.obj
 *(.init)
 .init          0x00000000100002c0        0x4 /usr/lib/gcc/arm-none-eabi/10.3.1/thumb/v6-m/nofp/crti.o
                0x00000000100002c0                _init
 *(EXCLUDE_FILE(*libm.a: *libc.a:*lib_a-mem*.o *libgcc.a:) .text*)
 .text          0x00000000100002c4       0x98 /usr/lib/gcc/arm-none-eabi/10.3.1/thumb/v6-m/nofp/crtbegin.o
 .text.startup.main
                0x000000001000035c      0x14c CMakeFiles/st7735.dir/main.cpp.obj
                0x000000001000035c                main
 .text._ZN11HardwareSPI4busyEv
                0x00000000100004a8        0xc CMakeFiles/st7735.dir/home/rbp28668/Projects/pico/PicoHardware/spi.cpp.obj
                0x00000000100004a8                HardwareSPI::busy()
 .text._ZNK11HardwareSPI11isDedicatedEv
                0x00000000100004b4        0xc CMakeFiles/st7735.dir/home/rbp28668/Projects/pico/PicoHardware/spi.cpp.obj
                0x00000000100004b4                HardwareSPI::isDedicated() const
 .text._ZN11HardwareSPI10set_formatEj10spi_cpol_t10spi_cpha_t11spi_order_t
                0x00000000100004c0       0x20 CMakeFiles/st7735.dir/home/rbp28668/Projects/pico/PicoHardware/spi.cpp.obj
                0x00000000100004c0                HardwareSPI::set_format(unsigned int, spi_cpol_t, spi_cpha_t, spi_order_t)
 .text._ZN11HardwareSPI9set_slaveEb
                0x00000000100004e0       0x20 CMakeFiles/st7735.dir/home/rbp28668/Projects/pico/PicoHardware/spi.cpp.obj
                0x00000000100004e0                HardwareSPI::set_slave(bool)
 .text._ZN11HardwareSPI11is_writableEv
                0x0000000010000500        0xc CMakeFiles/st7735.dir/home/rbp28668/Projects/pico/PicoHardware/spi.cpp.obj
                0x0000000010000500                HardwareSPI::is_writable()
 .text._ZN11HardwareSPI11is_readableEv
                0x000000001000050c        0xc CMakeFiles/st7735.dir/home/rbp28668/Projects/pico/PicoHardware/spi.cpp.obj
                0x000000001000050c                HardwareSPI::is_readable()
 .text._ZN11HardwareSPI12setDedicatedEh
                0x0000000010000518       0x14 CMakeFiles/st7735.dir/home/rbp28668/Projects/pico/PicoHardware/spi.cpp.obj
                0x0000000010000518                HardwareSPI::setDedicated(unsigned char)
 .text._ZN11HardwareSPID2Ev
                0x000000001000052c       0x18 CMakeFiles/st7735.dir/home/rbp28668/Projects/pico/PicoHardware/spi.cpp.obj
                0x000000001000052c                HardwareSPI::~HardwareSPI()
                0x000000001000052c                HardwareSPI::~HardwareSPI()
 .text._ZN11HardwareSPID0Ev
                0x0000000010000544       0x20 CMakeFiles/st7735.dir/home/rbp28668/Projects/pico/PicoHardware/spi.cpp.obj
                0x0000000010000544                HardwareSPI::~HardwareSPI()
 .text._ZN11HardwareSPI10write_readEPKhPhj
                0x0000000010000564        0xc CMakeFiles/st7735.dir/home/rbp28668/Projects/pico/PicoHardware/spi.cpp.obj
                0x0000000010000564                HardwareSPI::write_read(unsigned char const*, unsigned char*, unsigned int)
 .text._ZN11HardwareSPI5writeEPKhj
                0x0000000010000570        0xc CMakeFiles/st7735.dir/home/rbp28668/Projects/pico/PicoHardware/spi.cpp.obj
                0x0000000010000570                HardwareSPI::write(unsigned char const*, unsigned int)
 .text._ZN11HardwareSPI4readEhPhj
                0x000000001000057c        0xc CMakeFiles/st7735.dir/home/rbp28668/Projects/pico/PicoHardware/spi.cpp.obj
                0x000000001000057c                HardwareSPI::read(unsigned char, unsigned char*, unsigned int)
 .text._ZN11HardwareSPI14write16_read16EPKtPtj
                0x0000000010000588        0xc CMakeFiles/st7735.dir/home/rbp28668/Projects/pico/PicoHardware/spi.cpp.obj
                0x0000000010000588                HardwareSPI::write16_read16(unsigned short const*, unsigned short*, unsigned int)
 .text._ZN11HardwareSPI7write16EPKtj
                0x0000000010000594        0xc CMakeFiles/st7735.dir/home/rbp28668/Projects/pico/PicoHardware/spi.cpp.obj
                0x0000000010000594                HardwareSPI::write16(unsigned short const*, unsigned int)
 .text._ZN11HardwareSPI6read16EtPtj
                0x00000000100005a0        0xc CMakeFiles/st7735.dir/home/rbp28668/Projects/pico/PicoHardware/spi.cpp.obj
                0x00000000100005a0                HardwareSPI::read16(unsigned short, unsigned short*, unsigned int)
 .text._ZN3SPI5writeEh
                0x00000000100005ac       0x18 CMakeFiles/st7735.dir/home/rbp28668/Projects/pico/PicoHardware/spi.cpp.obj
                0x00000000100005ac                SPI::write(unsigned char)
 .text._ZN3SPI7write16Et
                0x00000000100005c4       0x18 CMakeFiles/st7735.dir/home/rbp28668/Projects/pico/PicoHardware/spi.cpp.obj
                0x00000000100005c4                SPI::write16(unsigned short)
 .text._ZN11HardwareSPIC2EP8spi_insthhhj
                0x00000000100005dc       0x40 CMakeFiles/st7735.dir/home/rbp28668/Projects/pico/PicoHardware/spi.cpp.obj
                0x00000000100005dc                HardwareSPI::HardwareSPI(spi_inst*, unsigned char, unsigned char, unsigned char, unsigned int)
                0x00000000100005dc                HardwareSPI::HardwareSPI(spi_inst*, unsigned char, unsigned char, unsigned char, unsigned int)
 .text._ZN11ST7735_pico5writeEh
                0x000000001000061c       0x18 CMakeFiles/st7735.dir/ST7735_pico.cpp.obj
                0x000000001000061c                ST7735_pico::write(unsigned char)
 .text._ZN11ST7735_picoC2EP3SPIhhh
                0x0000000010000634      0x244 CMakeFiles/st7735.dir/ST7735_pico.cpp.obj
                0x0000000010000634                ST7735_pico::ST7735_pico(SPI*, unsigned char, unsigned char, unsigned char)
                0x0000000010000634                ST7735_pico::ST7735_pico(SPI*, unsigned char, unsigned char, unsigned char)
 .text._ZN11ST7735_pico17writecommand_lastEh
                0x0000000010000878       0x58 CMakeFiles/st7735.dir/ST7735_pico.cpp.obj
                0x0000000010000878                ST7735_pico::writecommand_last(unsigned char)
 .text._ZN11ST7735_pico14writedata_lastEh
                0x00000000100008d0       0x58 CMakeFiles/st7735.dir/ST7735_pico.cpp.obj
                0x00000000100008d0                ST7735_pico::writedata_last(unsigned char)
 .text._ZN11ST7735_pico11setRotationEh
                0x0000000010000928      0x2b0 CMakeFiles/st7735.dir/ST7735_pico.cpp.obj
                0x0000000010000928                ST7735_pico::setRotation(unsigned char)
 .text._ZN11ST7735_pico16writedata16_lastEt
                0x0000000010000bd8       0x58 CMakeFiles/st7735.dir/ST7735_pico.cpp.obj
                0x0000000010000bd8                ST7735_pico::writedata16_last(unsigned short)
 .text._ZN11ST7735_pico11commandListEPKh
                0x0000000010000c30      0x180 CMakeFiles/st7735.dir/ST7735_pico.cpp.obj
                0x0000000010000c30                ST7735_pico::commandList(unsigned char const*)
 .text._ZN11ST7735_pico10commonInitEPKhh
                0x0000000010000db0       0xa4 CMakeFiles/st7735.dir/ST7735_pico.cpp.obj
                0x0000000010000db0                ST7735_pico::commonInit(unsigned char const*, unsigned char)
 .text._ZN11ST7735_pico5initREh
                0x0000000010000e54      0x14c CMakeFiles/st7735.dir/ST7735_pico.cpp.obj
                0x0000000010000e54                ST7735_pico::initR(unsigned char)
 .text._ZN11ST7735_pico9drawPixelEsst
                0x0000000010000fa0      0x28c CMakeFiles/st7735.dir/ST7735_pico.cpp.obj
                0x0000000010000fa0                ST7735_pico::drawPixel(short, short, unsigned short)
 .text._ZN11ST7735_pico13drawFastVLineEssst
                0x000000001000122c      0x34c CMakeFiles/st7735.dir/ST7735_pico.cpp.obj
                0x000000001000122c                ST7735_pico::drawFastVLine(short, short, short, unsigned short)
 .text._ZN11ST7735_pico13drawFastHLineEssst
                0x0000000010001578      0x348 CMakeFiles/st7735.dir/ST7735_pico.cpp.obj
                0x0000000010001578                ST7735_pico::drawFastHLine(short, short, short, unsigned short)
 .text._ZN11ST7735_pico8fillRectEsssst
                0x00000000100018c0      0x3a4 CMakeFiles/st7735.dir/ST7735_pico.cpp.obj
                0x00000000100018c0                ST7735_pico::fillRect(short, short, short, short, unsigned short)
 .text._ZN11ST7735_pico10fillScreenEt
                0x0000000010001c64       0x1c CMakeFiles/st7735.dir/ST7735_pico.cpp.obj
                0x0000000010001c64                ST7735_pico::fillScreen(unsigned short)
 .text._ZN11ST7735_pico9writeRectEssssPKt
                0x0000000010001c80      0x40c CMakeFiles/st7735.dir/ST7735_pico.cpp.obj
                0x0000000010001c80                ST7735_pico::writeRect(short, short, short, short, unsigned short const*)
 .text._ZN11ST7735_pico8drawLineEsssst
                0x000000001000208c     0x13b0 CMakeFiles/st7735.dir/ST7735_pico.cpp.obj
                0x000000001000208c                ST7735_pico::drawLine(short, short, short, short, unsigned short)
 .text._ZN11ST7735_pico9setCursorEssb
                0x000000001000343c       0xa0 CMakeFiles/st7735.dir/ST7735_pico.cpp.obj
                0x000000001000343c                ST7735_pico::setCursor(short, short, bool)
 .text._ZN11ST7735_pico12setTextColorEt
                0x00000000100034dc        0x8 CMakeFiles/st7735.dir/ST7735_pico.cpp.obj
                0x00000000100034dc                ST7735_pico::setTextColor(unsigned short)
 .text._ZN11ST7735_pico8drawCharEsshtthh
                0x00000000100034e4      0x914 CMakeFiles/st7735.dir/ST7735_pico.cpp.obj
                0x00000000100034e4                ST7735_pico::drawChar(short, short, unsigned char, unsigned short, unsigned short, unsigned char, unsigned char)
 .text._ZN11ST7735_pico7setFontERK17ILI9341_t3_font_t
                0x0000000010003df8       0x78 CMakeFiles/st7735.dir/ST7735_pico.cpp.obj
                0x0000000010003df8                ST7735_pico::setFont(ILI9341_t3_font_t const&)
 .text._ZN11ST7735_pico10charBoundsEcPsS0_S0_S0_S0_S0_
                0x0000000010003e70      0x5b4 CMakeFiles/st7735.dir/ST7735_pico.cpp.obj
                0x0000000010003e70                ST7735_pico::charBounds(char, short*, short*, short*, short*, short*, short*)
 .text._ZN11ST7735_pico11strPixelLenEPKc
                0x0000000010004424      0x218 CMakeFiles/st7735.dir/ST7735_pico.cpp.obj
                0x0000000010004424                ST7735_pico::strPixelLen(char const*)
 .text._ZN11ST7735_pico12drawFontBitsEbmmllm
                0x000000001000463c      0x15c CMakeFiles/st7735.dir/ST7735_pico.cpp.obj
                0x000000001000463c                ST7735_pico::drawFontBits(bool, unsigned long, unsigned long, long, long, unsigned long)
 .text._ZN11ST7735_pico12drawFontCharEj
                0x0000000010004798     0x13ac CMakeFiles/st7735.dir/ST7735_pico.cpp.obj
                0x0000000010004798                ST7735_pico::drawFontChar(unsigned int)
 .text._ZN11ST7735_pico11drawString1EPKcsii
                0x0000000010005b44      0x1f0 CMakeFiles/st7735.dir/ST7735_pico.cpp.obj
                0x0000000010005b44                ST7735_pico::drawString1(char const*, short, int, int)
 .text._ZN11ST7735_pico10drawStringEPKcii
                0x0000000010005d34       0x24 CMakeFiles/st7735.dir/ST7735_pico.cpp.obj
                0x0000000010005d34                ST7735_pico::drawString(char const*, int, int)
 .text._ZN11ST7735_pico20gfxFontLastCharPosFGEss
                0x0000000010005d58       0xac CMakeFiles/st7735.dir/ST7735_pico.cpp.obj
                0x0000000010005d58                ST7735_pico::gfxFontLastCharPosFG(short, short)
 .text._ZN11ST7735_pico15drawGFXFontCharEj
                0x0000000010005e04      0xdd0 CMakeFiles/st7735.dir/ST7735_pico.cpp.obj
                0x0000000010005e04                ST7735_pico::drawGFXFontChar(unsigned int)
 .text._ZN11ST7735_pico5writeEPKhj
                0x0000000010006bd4      0x32c CMakeFiles/st7735.dir/ST7735_pico.cpp.obj
                0x0000000010006bd4                ST7735_pico::write(unsigned char const*, unsigned int)
 .text.gpio_set_function
                0x0000000010006f00       0x30 CMakeFiles/st7735.dir/home/rbp28668/pico/pico-sdk/src/rp2_common/hardware_gpio/gpio.c.obj
                0x0000000010006f00                gpio_set_function
 .text.gpio_init
                0x0000000010006f30       0x3c CMakeFiles/st7735.dir/home/rbp28668/pico/pico-sdk/src/rp2_common/hardware_gpio/gpio.c.obj
                0x0000000010006f30                gpio_init
 .text.hw_claim_or_assert
                0x0000000010006f6c       0x44 CMakeFiles/st7735.dir/home/rbp28668/pico/pico-sdk/src/rp2_common/hardware_claim/claim.c.obj
                0x0000000010006f6c                hw_claim_or_assert
 .text.running_on_fpga
                0x0000000010006fb0       0x10 CMakeFiles/st7735.dir/home/rbp28668/pico/pico-sdk/src/rp2_common/pico_platform/platform.c.obj
                0x0000000010006fb0                running_on_fpga
 .text.spin_locks_reset
                0x0000000010006fc0       0x1c CMakeFiles/st7735.dir/home/rbp28668/pico/pico-sdk/src/rp2_common/hardware_sync/sync.c.obj
                0x0000000010006fc0                spin_locks_reset
 .text.next_striped_spin_lock_num
                0x0000000010006fdc       0x18 CMakeFiles/st7735.dir/home/rbp28668/pico/pico-sdk/src/rp2_common/hardware_sync/sync.c.obj
                0x0000000010006fdc                next_striped_spin_lock_num
 .text.irq_set_enabled
                0x0000000010006ff4       0x24 CMakeFiles/st7735.dir/home/rbp28668/pico/pico-sdk/src/rp2_common/hardware_irq/irq.c.obj
                0x0000000010006ff4                irq_set_enabled
 .text.irq_get_vtable_handler
                0x0000000010007018       0x10 CMakeFiles/st7735.dir/home/rbp28668/pico/pico-sdk/src/rp2_common/hardware_irq/irq.c.obj
                0x0000000010007018                irq_get_vtable_handler
 .text.irq_set_exclusive_handler
                0x0000000010007028       0x54 CMakeFiles/st7735.dir/home/rbp28668/pico/pico-sdk/src/rp2_common/hardware_irq/irq.c.obj
                0x0000000010007028                irq_set_exclusive_handler
 .text.irq_remove_handler
                0x000000001000707c      0x1b4 CMakeFiles/st7735.dir/home/rbp28668/pico/pico-sdk/src/rp2_common/hardware_irq/irq.c.obj
                0x000000001000707c                irq_remove_handler
 .text.irq_add_tail_to_free_list
                0x0000000010007230       0xb4 CMakeFiles/st7735.dir/home/rbp28668/pico/pico-sdk/src/rp2_common/hardware_irq/irq.c.obj
                0x0000000010007230                irq_add_tail_to_free_list
 .text.irq_init_priorities
                0x00000000100072e4       0x24 CMakeFiles/st7735.dir/home/rbp28668/pico/pico-sdk/src/rp2_common/hardware_irq/irq.c.obj
                0x00000000100072e4                irq_init_priorities
 .text.lock_init
                0x0000000010007308       0x10 CMakeFiles/st7735.dir/home/rbp28668/pico/pico-sdk/src/common/pico_sync/lock_core.c.obj
                0x0000000010007308                lock_init
 .text.timer_pool_entry_comparator
                0x0000000010007318       0x34 CMakeFiles/st7735.dir/home/rbp28668/pico/pico-sdk/src/common/pico_time/time.c.obj
                0x0000000010007318                timer_pool_entry_comparator
 .text.sleep_until_callback
                0x000000001000734c       0x30 CMakeFiles/st7735.dir/home/rbp28668/pico/pico-sdk/src/common/pico_time/time.c.obj
 .text.add_alarm_under_lock.isra.0
                0x000000001000737c      0x100 CMakeFiles/st7735.dir/home/rbp28668/pico/pico-sdk/src/common/pico_time/time.c.obj
 .text.alarm_pool_alarm_callback
                0x000000001000747c      0x1c8 CMakeFiles/st7735.dir/home/rbp28668/pico/pico-sdk/src/common/pico_time/time.c.obj
 .text.alarm_pool_add_alarm_at.constprop.0
                0x0000000010007644      0x11c CMakeFiles/st7735.dir/home/rbp28668/pico/pico-sdk/src/common/pico_time/time.c.obj
 .text.alarm_pool_init_default
                0x0000000010007760       0x64 CMakeFiles/st7735.dir/home/rbp28668/pico/pico-sdk/src/common/pico_time/time.c.obj
                0x0000000010007760                alarm_pool_init_default
 .text.sleep_until
                0x00000000100077c4       0xac CMakeFiles/st7735.dir/home/rbp28668/pico/pico-sdk/src/common/pico_time/time.c.obj
                0x00000000100077c4                sleep_until
 .text.sleep_ms
                0x0000000010007870       0x38 CMakeFiles/st7735.dir/home/rbp28668/pico/pico-sdk/src/common/pico_time/time.c.obj
                0x0000000010007870                sleep_ms
 .text.hardware_alarm_irq_handler
                0x00000000100078a8       0xb8 CMakeFiles/st7735.dir/home/rbp28668/pico/pico-sdk/src/rp2_common/hardware_timer/timer.c.obj
 .text.hardware_alarm_claim
                0x0000000010007960       0x18 CMakeFiles/st7735.dir/home/rbp28668/pico/pico-sdk/src/rp2_common/hardware_timer/timer.c.obj
                0x0000000010007960                hardware_alarm_claim
 .text.time_us_64
                0x0000000010007978       0x14 CMakeFiles/st7735.dir/home/rbp28668/pico/pico-sdk/src/rp2_common/hardware_timer/timer.c.obj
                0x0000000010007978                time_us_64
 .text.busy_wait_until
                0x000000001000798c       0x20 CMakeFiles/st7735.dir/home/rbp28668/pico/pico-sdk/src/rp2_common/hardware_timer/timer.c.obj
                0x000000001000798c                busy_wait_until
 .text.hardware_alarm_set_callback
                0x00000000100079ac       0x8c CMakeFiles/st7735.dir/home/rbp28668/pico/pico-sdk/src/rp2_common/hardware_timer/timer.c.obj
                0x00000000100079ac                hardware_alarm_set_callback
 .text.hardware_alarm_set_target
                0x0000000010007a38       0xe0 CMakeFiles/st7735.dir/home/rbp28668/pico/pico-sdk/src/rp2_common/hardware_timer/timer.c.obj
                0x0000000010007a38                hardware_alarm_set_target
 .text.hardware_alarm_cancel
                0x0000000010007b18       0x3c CMakeFiles/st7735.dir/home/rbp28668/pico/pico-sdk/src/rp2_common/hardware_timer/timer.c.obj
                0x0000000010007b18                hardware_alarm_cancel
 .text.ph_merge_nodes
                0x0000000010007b54       0x68 CMakeFiles/st7735.dir/home/rbp28668/pico/pico-sdk/src/common/pico_util/pheap.c.obj
 .text.ph_post_alloc_init
                0x0000000010007bbc       0x3c CMakeFiles/st7735.dir/home/rbp28668/pico/pico-sdk/src/common/pico_util/pheap.c.obj
                0x0000000010007bbc                ph_post_alloc_init
 .text.ph_merge_two_pass
                0x0000000010007bf8       0x90 CMakeFiles/st7735.dir/home/rbp28668/pico/pico-sdk/src/common/pico_util/pheap.c.obj
                0x0000000010007bf8                ph_merge_two_pass
 .text.ph_remove_any_head
                0x0000000010007c88       0xf8 CMakeFiles/st7735.dir/home/rbp28668/pico/pico-sdk/src/common/pico_util/pheap.c.obj
 .text.ph_remove_head
                0x0000000010007d80       0xfc CMakeFiles/st7735.dir/home/rbp28668/pico/pico-sdk/src/common/pico_util/pheap.c.obj
                0x0000000010007d80                ph_remove_head
 .text.ph_remove_and_free_node
                0x0000000010007e7c       0x7c CMakeFiles/st7735.dir/home/rbp28668/pico/pico-sdk/src/common/pico_util/pheap.c.obj
                0x0000000010007e7c                ph_remove_and_free_node
 .text.mutex_init
                0x0000000010007ef8       0x1c CMakeFiles/st7735.dir/home/rbp28668/pico/pico-sdk/src/common/pico_sync/mutex.c.obj
                0x0000000010007ef8                mutex_init
 .text.recursive_mutex_init
                0x0000000010007f14       0x1c CMakeFiles/st7735.dir/home/rbp28668/pico/pico-sdk/src/common/pico_sync/mutex.c.obj
                0x0000000010007f14                recursive_mutex_init
 .text.runtime_init
                0x0000000010007f30       0xf0 CMakeFiles/st7735.dir/home/rbp28668/pico/pico-sdk/src/rp2_common/pico_runtime/runtime.c.obj
                0x0000000010007f30                runtime_init
 .text._sbrk    0x0000000010008020       0x34 CMakeFiles/st7735.dir/home/rbp28668/pico/pico-sdk/src/rp2_common/pico_runtime/runtime.c.obj
                0x0000000010008020                _sbrk
 .text.exit     0x0000000010008054        0x4 CMakeFiles/st7735.dir/home/rbp28668/pico/pico-sdk/src/rp2_common/pico_runtime/runtime.c.obj
                0x0000000010008054                exit
 .text.panic    0x0000000010008058       0x30 CMakeFiles/st7735.dir/home/rbp28668/pico/pico-sdk/src/rp2_common/pico_runtime/runtime.c.obj
                0x0000000010008058                panic
 .text.hard_assertion_failure
                0x0000000010008088        0xc CMakeFiles/st7735.dir/home/rbp28668/pico/pico-sdk/src/rp2_common/pico_runtime/runtime.c.obj
                0x0000000010008088                hard_assertion_failure
 .text.clocks_init
                0x0000000010008094      0x2bc CMakeFiles/st7735.dir/home/rbp28668/pico/pico-sdk/src/rp2_common/hardware_clocks/clocks.c.obj
                0x0000000010008094                clocks_init
 .text.clock_get_hz
                0x0000000010008350        0xc CMakeFiles/st7735.dir/home/rbp28668/pico/pico-sdk/src/rp2_common/hardware_clocks/clocks.c.obj
                0x0000000010008350                clock_get_hz
 .text.pll_init
                0x000000001000835c       0xb0 CMakeFiles/st7735.dir/home/rbp28668/pico/pico-sdk/src/rp2_common/hardware_pll/pll.c.obj
                0x000000001000835c                pll_init
 .text.watchdog_start_tick
                0x000000001000840c       0x10 CMakeFiles/st7735.dir/home/rbp28668/pico/pico-sdk/src/rp2_common/hardware_watchdog/watchdog.c.obj
                0x000000001000840c                watchdog_start_tick
 .text.xosc_init
                0x000000001000841c       0x28 CMakeFiles/st7735.dir/home/rbp28668/pico/pico-sdk/src/rp2_common/hardware_xosc/xosc.c.obj
                0x000000001000841c                xosc_init
 .text._out_char
                0x0000000010008444       0x10 CMakeFiles/st7735.dir/home/rbp28668/pico/pico-sdk/src/rp2_common/pico_printf/printf.c.obj
 .text.weak_raw_vprintf
                0x0000000010008454       0x30 CMakeFiles/st7735.dir/home/rbp28668/pico/pico-sdk/src/rp2_common/pico_printf/printf.c.obj
                0x0000000010008454                weak_raw_vprintf
 .text          0x0000000010008484       0x10 CMakeFiles/st7735.dir/home/rbp28668/pico/pico-sdk/src/rp2_common/pico_bit_ops/bit_ops_aeabi.S.obj
 .text.rom_func_lookup
                0x0000000010008494       0x10 CMakeFiles/st7735.dir/home/rbp28668/pico/pico-sdk/src/rp2_common/pico_bootrom/bootrom.c.obj
                0x0000000010008494                rom_func_lookup
 .text.rom_data_lookup
                0x00000000100084a4       0x10 CMakeFiles/st7735.dir/home/rbp28668/pico/pico-sdk/src/rp2_common/pico_bootrom/bootrom.c.obj
                0x00000000100084a4                rom_data_lookup
 .text.rom_funcs_lookup
                0x00000000100084b4       0x44 CMakeFiles/st7735.dir/home/rbp28668/pico/pico-sdk/src/rp2_common/pico_bootrom/bootrom.c.obj
                0x00000000100084b4                rom_funcs_lookup
 .text.__wrap___aeabi_idiv
                0x00000000100084f8       0x50 CMakeFiles/st7735.dir/home/rbp28668/pico/pico-sdk/src/rp2_common/pico_divider/divider.S.obj
                0x00000000100084f8                __wrap___aeabi_idivmod
                0x00000000100084f8                divmod_s32s32
                0x00000000100084f8                div_s32s32
                0x00000000100084f8                __wrap___aeabi_idiv
                0x0000000010008500                divmod_s32s32_unsafe
                0x000000001000852c                divmod_s32s32_savestate
 .text.__wrap___aeabi_uidiv
                0x0000000010008548       0x4c CMakeFiles/st7735.dir/home/rbp28668/pico/pico-sdk/src/rp2_common/pico_divider/divider.S.obj
                0x0000000010008548                __wrap___aeabi_uidiv
                0x0000000010008548                __wrap___aeabi_uidivmod
                0x0000000010008548                div_u32u32
                0x0000000010008548                divmod_u32u32
                0x0000000010008550                divmod_u32u32_unsafe
                0x0000000010008578                divmod_u32u32_savestate
 .text.__aeabi_double_init
                0x0000000010008594       0x94 CMakeFiles/st7735.dir/home/rbp28668/pico/pico-sdk/src/rp2_common/pico_double/double_init_rom.c.obj
                0x0000000010008594                __aeabi_double_init
 .text.double_table_shim_on_use_helper
                0x0000000010008628       0x2c CMakeFiles/st7735.dir/home/rbp28668/pico/pico-sdk/src/rp2_common/pico_double/double_v1_rom_shim.S.obj
                0x0000000010008628                double_table_shim_on_use_helper
 .text.__aeabi_lmul
                0x0000000010008654       0x32 CMakeFiles/st7735.dir/home/rbp28668/pico/pico-sdk/src/rp2_common/pico_int64_ops/pico_int64_ops_aeabi.S.obj
                0x0000000010008654                __wrap___aeabi_lmul
 *fill*         0x0000000010008686        0x2 
 .text.__wrap___aeabi_farithmetic
                0x0000000010008688       0x48 CMakeFiles/st7735.dir/home/rbp28668/pico/pico-sdk/src/rp2_common/pico_float/float_aeabi.S.obj
                0x0000000010008688                __wrap___aeabi_frsub
                0x000000001000868e                __wrap___aeabi_fsub
                0x0000000010008694                __wrap___aeabi_fadd
                0x000000001000869a                __wrap___aeabi_fdiv
                0x00000000100086c2                __wrap___aeabi_fmul
 .text.__wrap___aeabi_i2f
                0x00000000100086d0       0x44 CMakeFiles/st7735.dir/home/rbp28668/pico/pico-sdk/src/rp2_common/pico_float/float_aeabi.S.obj
                0x00000000100086d0                __wrap___aeabi_i2f
 .text.__wrap___aeabi_f2uiz
                0x0000000010008714        0xc CMakeFiles/st7735.dir/home/rbp28668/pico/pico-sdk/src/rp2_common/pico_float/float_aeabi.S.obj
                0x0000000010008714                __wrap___aeabi_f2uiz
 .text.__aeabi_float_init
                0x0000000010008720       0x64 CMakeFiles/st7735.dir/home/rbp28668/pico/pico-sdk/src/rp2_common/pico_float/float_init_rom.c.obj
                0x0000000010008720                __aeabi_float_init
 .text.float_table_shim_on_use_helper
                0x0000000010008784       0x2c CMakeFiles/st7735.dir/home/rbp28668/pico/pico-sdk/src/rp2_common/pico_float/float_v1_rom_shim.S.obj
                0x0000000010008784                float_table_shim_on_use_helper
 .text.__wrap_malloc
                0x00000000100087b0       0x24 CMakeFiles/st7735.dir/home/rbp28668/pico/pico-sdk/src/rp2_common/pico_malloc/pico_malloc.c.obj
                0x00000000100087b0                __wrap_malloc
 .text.__wrap_free
                0x00000000100087d4        0x8 CMakeFiles/st7735.dir/home/rbp28668/pico/pico-sdk/src/rp2_common/pico_malloc/pico_malloc.c.obj
                0x00000000100087d4                __wrap_free
 .text          0x00000000100087dc       0x10 CMakeFiles/st7735.dir/home/rbp28668/pico/pico-sdk/src/rp2_common/pico_mem_ops/mem_ops_aeabi.S.obj
                0x00000000100087dc                __aeabi_mem_init
 .text.memset   0x00000000100087ec        0xc CMakeFiles/st7735.dir/home/rbp28668/pico/pico-sdk/src/rp2_common/pico_mem_ops/mem_ops_aeabi.S.obj
                0x00000000100087ec                __wrap_memset
 .text.memcpy   0x00000000100087f8        0xc CMakeFiles/st7735.dir/home/rbp28668/pico/pico-sdk/src/rp2_common/pico_mem_ops/mem_ops_aeabi.S.obj
                0x00000000100087f8                __wrap___aeabi_memcpy
                0x00000000100087f8                __wrap_memcpy
 .text._ZdlPvj  0x0000000010008804        0x8 CMakeFiles/st7735.dir/home/rbp28668/pico/pico-sdk/src/rp2_common/pico_standard_link/new_delete.cpp.obj
                0x0000000010008804                operator delete(void*, unsigned int)
 .text.stdio_out_chars_no_crlf
                0x000000001000880c       0x10 CMakeFiles/st7735.dir/home/rbp28668/pico/pico-sdk/src/rp2_common/pico_stdio/stdio.c.obj
 .text.stdio_out_chars_crlf
                0x000000001000881c       0xb4 CMakeFiles/st7735.dir/home/rbp28668/pico/pico-sdk/src/rp2_common/pico_stdio/stdio.c.obj
 .text.stdio_put_string.isra.0
                0x00000000100088d0       0xfc CMakeFiles/st7735.dir/home/rbp28668/pico/pico-sdk/src/rp2_common/pico_stdio/stdio.c.obj
 .text.__wrap_putchar
                0x00000000100089cc       0xa0 CMakeFiles/st7735.dir/home/rbp28668/pico/pico-sdk/src/rp2_common/pico_stdio/stdio.c.obj
                0x00000000100089cc                __wrap_putchar
 .text.__wrap_puts
                0x0000000010008a6c       0x3c CMakeFiles/st7735.dir/home/rbp28668/pico/pico-sdk/src/rp2_common/pico_stdio/stdio.c.obj
                0x0000000010008a6c                __wrap_puts
 .text.startup._retrieve_unique_id_on_boot
                0x0000000010008aa8       0x10 CMakeFiles/st7735.dir/home/rbp28668/pico/pico-sdk/src/rp2_common/pico_unique_id/unique_id.c.obj
 .text.flash_get_unique_id
                0x0000000010008ab8       0x40 CMakeFiles/st7735.dir/home/rbp28668/pico/pico-sdk/src/rp2_common/hardware_flash/flash.c.obj
                0x0000000010008ab8                flash_get_unique_id
 .text.spi_init
                0x0000000010008af8       0xf8 CMakeFiles/st7735.dir/home/rbp28668/pico/pico-sdk/src/rp2_common/hardware_spi/spi.c.obj
                0x0000000010008af8                spi_init
 .text.spi_deinit
                0x0000000010008bf0       0x3c CMakeFiles/st7735.dir/home/rbp28668/pico/pico-sdk/src/rp2_common/hardware_spi/spi.c.obj
                0x0000000010008bf0                spi_deinit
 .text.startup._GLOBAL__sub_I__ZN9__gnu_cxx9__freeresEv
                0x0000000010008c2c       0x2c /usr/lib/gcc/arm-none-eabi/10.3.1/../../../arm-none-eabi/lib/thumb/v6-m/nofp/libstdc++.a(eh_alloc.o)
 .text          0x0000000010008c58       0x28 /usr/lib/gcc/arm-none-eabi/10.3.1/../../../arm-none-eabi/lib/thumb/v6-m/nofp/libc.a(lib_a-malloc.o)
                0x0000000010008c58                malloc
                0x0000000010008c6c                free
 .text          0x0000000010008c80      0x574 /usr/lib/gcc/arm-none-eabi/10.3.1/../../../arm-none-eabi/lib/thumb/v6-m/nofp/libc.a(lib_a-mallocr.o)
                0x0000000010008c80                _malloc_r
 .text          0x00000000100091f4        0x8 /usr/lib/gcc/arm-none-eabi/10.3.1/../../../arm-none-eabi/lib/thumb/v6-m/nofp/libc.a(lib_a-mlock.o)
                0x00000000100091f4                __malloc_lock
                0x00000000100091f8                __malloc_unlock
 .text          0x00000000100091fc       0x24 /usr/lib/gcc/arm-none-eabi/10.3.1/../../../arm-none-eabi/lib/thumb/v6-m/nofp/libc.a(lib_a-sbrkr.o)
                0x00000000100091fc                _sbrk_r
 .text          0x0000000010009220       0x5c /usr/lib/gcc/arm-none-eabi/10.3.1/../../../arm-none-eabi/lib/thumb/v6-m/nofp/libc.a(lib_a-strlen-stub.o)
                0x0000000010009220                strlen
 .text          0x000000001000927c      0x260 /usr/lib/gcc/arm-none-eabi/10.3.1/../../../arm-none-eabi/lib/thumb/v6-m/nofp/libc.a(lib_a-freer.o)
                0x000000001000927c                _malloc_trim_r
                0x0000000010009318                _free_r
 *(.fini)
 .fini          0x00000000100094dc        0x4 /usr/lib/gcc/arm-none-eabi/10.3.1/thumb/v6-m/nofp/crti.o
                0x00000000100094dc                _fini
 .fini.__stub   0x00000000100094e0       0xb0 linker stubs
 *crtbegin.o(.ctors)
 *crtbegin?.o(.ctors)
 *(EXCLUDE_FILE(*crtend.o *crtend?.o) .ctors)
 *(SORT_BY_NAME(.ctors.*))
 *(.ctors)
 *crtbegin.o(.dtors)
 *crtbegin?.o(.dtors)
 *(EXCLUDE_FILE(*crtend.o *crtend?.o) .dtors)
 *(SORT_BY_NAME(.dtors.*))
 *(.dtors)
 *(.eh_frame*)
 .eh_frame      0x0000000010009590        0x0 /usr/lib/gcc/arm-none-eabi/10.3.1/thumb/v6-m/nofp/crtbegin.o
                0x0000000010009590                . = ALIGN (0x4)

.glue_7         0x0000000010009590        0x0
 .glue_7        0x0000000010009590        0x0 linker stubs

.glue_7t        0x0000000010009590        0x0
 .glue_7t       0x0000000010009590        0x0 linker stubs

.vfp11_veneer   0x0000000010009590        0x0
 .vfp11_veneer  0x0000000010009590        0x0 linker stubs

.v4_bx          0x0000000010009590        0x0
 .v4_bx         0x0000000010009590        0x0 linker stubs

.iplt           0x0000000010009590        0x0
 .iplt          0x0000000010009590        0x0 /usr/lib/gcc/arm-none-eabi/10.3.1/thumb/v6-m/nofp/crtbegin.o

.rodata         0x0000000010009590      0xef4
 *(EXCLUDE_FILE(*libm.a: *libc.a:*lib_a-mem*.o *libgcc.a:) .rodata*)
 .rodata.main.str1.4
                0x0000000010009590        0xc CMakeFiles/st7735.dir/main.cpp.obj
 .rodata._ZTV11HardwareSPI
                0x000000001000959c       0x44 CMakeFiles/st7735.dir/home/rbp28668/Projects/pico/PicoHardware/spi.cpp.obj
                0x000000001000959c                vtable for HardwareSPI
 .rodata._ZN11ST7735_pico11drawString1EPKcsii
                0x00000000100095e0       0x24 CMakeFiles/st7735.dir/ST7735_pico.cpp.obj
 .rodata._ZL10Rcmd2green
                0x0000000010009604        0xd CMakeFiles/st7735.dir/ST7735_pico.cpp.obj
 *fill*         0x0000000010009611        0x3 
 .rodata._ZL13Rcmd2green144
                0x0000000010009614        0xd CMakeFiles/st7735.dir/ST7735_pico.cpp.obj
 *fill*         0x0000000010009621        0x3 
 .rodata._ZL16Rcmd2green160x80
                0x0000000010009624        0xd CMakeFiles/st7735.dir/ST7735_pico.cpp.obj
 *fill*         0x0000000010009631        0x3 
 .rodata._ZL16Rcmd2minist7735s
                0x0000000010009634        0xf CMakeFiles/st7735.dir/ST7735_pico.cpp.obj
 *fill*         0x0000000010009643        0x1 
 .rodata._ZL5Rcmd1
                0x0000000010009644       0x3b CMakeFiles/st7735.dir/ST7735_pico.cpp.obj
 *fill*         0x000000001000967f        0x1 
 .rodata._ZL5Rcmd3
                0x0000000010009680       0x2b CMakeFiles/st7735.dir/ST7735_pico.cpp.obj
 *fill*         0x00000000100096ab        0x1 
 .rodata._ZL8Rcmd2red
                0x00000000100096ac        0xd CMakeFiles/st7735.dir/ST7735_pico.cpp.obj
 *fill*         0x00000000100096b9        0x3 
 .rodata._ZTV11ST7735_pico
                0x00000000100096bc       0x14 CMakeFiles/st7735.dir/ST7735_pico.cpp.obj
                0x00000000100096bc                vtable for ST7735_pico
 .rodata.glcdfont
                0x00000000100096d0      0x4fb CMakeFiles/st7735.dir/glcdfont.c.obj
                0x00000000100096d0                glcdfont
 *fill*         0x0000000010009bcb        0x1 
 .rodata.Arial_18
                0x0000000010009bcc       0x1c CMakeFiles/st7735.dir/ST7735_font_Arial.c.obj
                0x0000000010009bcc                Arial_18
 .rodata.Arial_18_data
                0x0000000010009be8      0x75e CMakeFiles/st7735.dir/ST7735_font_Arial.c.obj
 *fill*         0x000000001000a346        0x2 
 .rodata.Arial_18_index
                0x000000001000a348       0x83 CMakeFiles/st7735.dir/ST7735_font_Arial.c.obj
 *fill*         0x000000001000a3cb        0x1 
 .rodata.hardware_alarm_claim.str1.4
                0x000000001000a3cc       0x22 CMakeFiles/st7735.dir/home/rbp28668/pico/pico-sdk/src/rp2_common/hardware_timer/timer.c.obj
 *fill*         0x000000001000a3ee        0x2 
 .rodata.panic.str1.4
                0x000000001000a3f0       0x12 CMakeFiles/st7735.dir/home/rbp28668/pico/pico-sdk/src/rp2_common/pico_runtime/runtime.c.obj
 *fill*         0x000000001000a402        0x2 
 .rodata.hard_assertion_failure.str1.4
                0x000000001000a404        0xc CMakeFiles/st7735.dir/home/rbp28668/pico/pico-sdk/src/rp2_common/pico_runtime/runtime.c.obj
 .rodata.__wrap_malloc.str1.4
                0x000000001000a410        0xe CMakeFiles/st7735.dir/home/rbp28668/pico/pico-sdk/src/rp2_common/pico_malloc/pico_malloc.c.obj
 *fill*         0x000000001000a41e        0x2 
 .rodata.str1.4
                0x000000001000a420       0x3c CMakeFiles/st7735.dir/home/rbp28668/pico/pico-sdk/src/rp2_common/pico_standard_link/binary_info.c.obj
 .rodata.__bi_44
                0x000000001000a45c        0xc CMakeFiles/st7735.dir/home/rbp28668/pico/pico-sdk/src/rp2_common/pico_standard_link/binary_info.c.obj
 .rodata.__bi_75
                0x000000001000a468        0xc CMakeFiles/st7735.dir/home/rbp28668/pico/pico-sdk/src/rp2_common/pico_standard_link/binary_info.c.obj
 .rodata.__bi_81
                0x000000001000a474        0xc CMakeFiles/st7735.dir/home/rbp28668/pico/pico-sdk/src/rp2_common/pico_standard_link/binary_info.c.obj
 .rodata.crlf_str.0
                0x000000001000a480        0x2 CMakeFiles/st7735.dir/home/rbp28668/pico/pico-sdk/src/rp2_common/pico_stdio/stdio.c.obj
                0x000000001000a484                . = ALIGN (0x4)
 *fill*         0x000000001000a482        0x2 
 *(SORT_BY_ALIGNMENT(SORT_BY_NAME(.flashdata*)))
                0x000000001000a484                . = ALIGN (0x4)

.ARM.extab
 *(.ARM.extab* .gnu.linkonce.armextab.*)
                0x000000001000a484                __exidx_start = .

.ARM.exidx      0x000000001000a484        0x8
 *(.ARM.exidx* .gnu.linkonce.armexidx.*)
 .ARM.exidx.text.startup._GLOBAL__sub_I__ZN9__gnu_cxx9__freeresEv
                0x000000001000a484        0x8 /usr/lib/gcc/arm-none-eabi/10.3.1/../../../arm-none-eabi/lib/thumb/v6-m/nofp/libstdc++.a(eh_alloc.o)
                0x000000001000a48c                __exidx_end = .

.rel.dyn        0x000000001000a48c        0x0
 .rel.iplt      0x000000001000a48c        0x0 /usr/lib/gcc/arm-none-eabi/10.3.1/thumb/v6-m/nofp/crtbegin.o
                0x000000001000a48c                . = ALIGN (0x4)
                0x000000001000a48c                __binary_info_start = .

.binary_info    0x000000001000a48c       0x1c
 *(.binary_info.keep.*)
 .binary_info.keep.__bi_ptr22
                0x000000001000a48c        0x4 CMakeFiles/st7735.dir/home/rbp28668/pico/pico-sdk/src/rp2_common/pico_standard_link/binary_info.c.obj
 .binary_info.keep.__bi_ptr30
                0x000000001000a490        0x4 CMakeFiles/st7735.dir/home/rbp28668/pico/pico-sdk/src/rp2_common/pico_standard_link/binary_info.c.obj
 .binary_info.keep.__bi_ptr38
                0x000000001000a494        0x4 CMakeFiles/st7735.dir/home/rbp28668/pico/pico-sdk/src/rp2_common/pico_standard_link/binary_info.c.obj
 .binary_info.keep.__bi_ptr44
                0x000000001000a498        0x4 CMakeFiles/st7735.dir/home/rbp28668/pico/pico-sdk/src/rp2_common/pico_standard_link/binary_info.c.obj
 .binary_info.keep.__bi_ptr50
                0x000000001000a49c        0x4 CMakeFiles/st7735.dir/home/rbp28668/pico/pico-sdk/src/rp2_common/pico_standard_link/binary_info.c.obj
 .binary_info.keep.__bi_ptr75
                0x000000001000a4a0        0x4 CMakeFiles/st7735.dir/home/rbp28668/pico/pico-sdk/src/rp2_common/pico_standard_link/binary_info.c.obj
 .binary_info.keep.__bi_ptr81
                0x000000001000a4a4        0x4 CMakeFiles/st7735.dir/home/rbp28668/pico/pico-sdk/src/rp2_common/pico_standard_link/binary_info.c.obj
 *(.binary_info.*)
                0x000000001000a4a8                __binary_info_end = .
                0x000000001000a4a8                . = ALIGN (0x4)
                0x000000001000a4a8                __etext = .

.ram_vector_table
                0x0000000020000000       0xc0
 *(.ram_vector_table)
 .ram_vector_table
                0x0000000020000000       0xc0 CMakeFiles/st7735.dir/home/rbp28668/pico/pico-sdk/src/rp2_common/pico_runtime/runtime.c.obj
                0x0000000020000000                ram_vector_table

.data           0x00000000200000c0      0xd64 load address 0x000000001000a4a8
                0x00000000200000c0                __data_start__ = .
 *(vtable)
 *(.time_critical*)
 .time_critical.mutex_enter_blocking
                0x00000000200000c0       0x48 CMakeFiles/st7735.dir/home/rbp28668/pico/pico-sdk/src/common/pico_sync/mutex.c.obj
                0x00000000200000c0                mutex_enter_blocking
 .time_critical.mutex_try_enter
                0x0000000020000108       0x44 CMakeFiles/st7735.dir/home/rbp28668/pico/pico-sdk/src/common/pico_sync/mutex.c.obj
                0x0000000020000108                mutex_try_enter
 .time_critical.mutex_exit
                0x000000002000014c       0x28 CMakeFiles/st7735.dir/home/rbp28668/pico/pico-sdk/src/common/pico_sync/mutex.c.obj
                0x000000002000014c                mutex_exit
 .time_critical.flash_init_boot2_copyout
                0x0000000020000174       0x30 CMakeFiles/st7735.dir/home/rbp28668/pico/pico-sdk/src/rp2_common/hardware_flash/flash.c.obj
 .time_critical.flash_enable_xip_via_boot2
                0x00000000200001a4       0x10 CMakeFiles/st7735.dir/home/rbp28668/pico/pico-sdk/src/rp2_common/hardware_flash/flash.c.obj
 .time_critical.flash_cs_force
                0x00000000200001b4       0x38 CMakeFiles/st7735.dir/home/rbp28668/pico/pico-sdk/src/rp2_common/hardware_flash/flash.c.obj
 .time_critical.flash_do_cmd
                0x00000000200001ec       0xc4 CMakeFiles/st7735.dir/home/rbp28668/pico/pico-sdk/src/rp2_common/hardware_flash/flash.c.obj
                0x00000000200001ec                flash_do_cmd
 .time_critical.spi_write_read_blocking
                0x00000000200002b0       0x74 CMakeFiles/st7735.dir/home/rbp28668/pico/pico-sdk/src/rp2_common/hardware_spi/spi.c.obj
                0x00000000200002b0                spi_write_read_blocking
 .time_critical.spi_write_blocking
                0x0000000020000324       0x4c CMakeFiles/st7735.dir/home/rbp28668/pico/pico-sdk/src/rp2_common/hardware_spi/spi.c.obj
                0x0000000020000324                spi_write_blocking
 .time_critical.spi_read_blocking
                0x0000000020000370       0x74 CMakeFiles/st7735.dir/home/rbp28668/pico/pico-sdk/src/rp2_common/hardware_spi/spi.c.obj
                0x0000000020000370                spi_read_blocking
 .time_critical.spi_write16_read16_blocking
                0x00000000200003e4       0x74 CMakeFiles/st7735.dir/home/rbp28668/pico/pico-sdk/src/rp2_common/hardware_spi/spi.c.obj
                0x00000000200003e4                spi_write16_read16_blocking
 .time_critical.spi_write16_blocking
                0x0000000020000458       0x50 CMakeFiles/st7735.dir/home/rbp28668/pico/pico-sdk/src/rp2_common/hardware_spi/spi.c.obj
                0x0000000020000458                spi_write16_blocking
 .time_critical.spi_read16_blocking
                0x00000000200004a8       0x74 CMakeFiles/st7735.dir/home/rbp28668/pico/pico-sdk/src/rp2_common/hardware_spi/spi.c.obj
                0x00000000200004a8                spi_read16_blocking
 *(.text*)
 .text          0x000000002000051c        0x4 /usr/lib/gcc/arm-none-eabi/10.3.1/thumb/v6-m/nofp/libgcc.a(_dvmd_tls.o)
                0x000000002000051c                __aeabi_ldiv0
                0x000000002000051c                __aeabi_idiv0
                0x0000000020000520                . = ALIGN (0x4)
 *(.rodata*)
                0x0000000020000520                . = ALIGN (0x4)
 *(.data*)
 .data.striped_spin_lock_num
                0x0000000020000520        0x1 CMakeFiles/st7735.dir/home/rbp28668/pico/pico-sdk/src/rp2_common/hardware_sync/sync.c.obj
 *fill*         0x0000000020000521        0x3 
 .data          0x0000000020000524       0x48 CMakeFiles/st7735.dir/home/rbp28668/pico/pico-sdk/src/rp2_common/hardware_irq/irq_handler_chain.S.obj
                0x0000000020000524                irq_handler_chain_slots
                0x0000000020000554                irq_handler_chain_first_slot
                0x000000002000055e                irq_handler_chain_remove_tail
 .data.default_alarm_pool
                0x000000002000056c       0x18 CMakeFiles/st7735.dir/home/rbp28668/pico/pico-sdk/src/common/pico_time/time.c.obj
 .data.default_alarm_pool_heap
                0x0000000020000584       0x10 CMakeFiles/st7735.dir/home/rbp28668/pico/pico-sdk/src/common/pico_time/time.c.obj
 *fill*         0x0000000020000594        0xc 
 .data.aeabi_bits_funcs
                0x00000000200005a0       0x10 CMakeFiles/st7735.dir/home/rbp28668/pico/pico-sdk/src/rp2_common/pico_bit_ops/bit_ops_aeabi.S.obj
                0x00000000200005a0                aeabi_bits_funcs
                0x00000000200005b0                aeabi_bits_funcs_end
 .data.aeabi_mem_funcs
                0x00000000200005b0       0x10 CMakeFiles/st7735.dir/home/rbp28668/pico/pico-sdk/src/rp2_common/pico_mem_ops/mem_ops_aeabi.S.obj
                0x00000000200005b0                aeabi_mem_funcs
                0x00000000200005c0                aeabi_mem_funcs_end
 .data          0x00000000200005c0      0x430 /usr/lib/gcc/arm-none-eabi/10.3.1/../../../arm-none-eabi/lib/thumb/v6-m/nofp/libc.a(lib_a-impure.o)
                0x00000000200005c0                _impure_ptr
 .data          0x00000000200009f0      0x410 /usr/lib/gcc/arm-none-eabi/10.3.1/../../../arm-none-eabi/lib/thumb/v6-m/nofp/libc.a(lib_a-mallocr.o)
                0x00000000200009f0                __malloc_sbrk_base
                0x00000000200009f4                __malloc_trim_threshold
                0x00000000200009f8                __malloc_av_
                0x0000000020000e00                . = ALIGN (0x4)
 *(.after_data.*)
                0x0000000020000e00                . = ALIGN (0x4)
                0x0000000020000e00                PROVIDE (__mutex_array_start = .)
 *(SORT_BY_NAME(.mutex_array.*))
 *(.mutex_array)
 .mutex_array   0x0000000020000e00        0x8 CMakeFiles/st7735.dir/home/rbp28668/pico/pico-sdk/src/rp2_common/pico_stdio/stdio.c.obj
                0x0000000020000e08                PROVIDE (__mutex_array_end = .)
                0x0000000020000e08                . = ALIGN (0x4)
                0x0000000020000e08                PROVIDE (__preinit_array_start = .)
 *(SORT_BY_NAME(.preinit_array.*))
 .preinit_array.00001
                0x0000000020000e08        0x4 CMakeFiles/st7735.dir/home/rbp28668/pico/pico-sdk/src/rp2_common/pico_mem_ops/mem_ops_aeabi.S.obj
 .preinit_array.00010
                0x0000000020000e0c        0x4 CMakeFiles/st7735.dir/home/rbp28668/pico/pico-sdk/src/rp2_common/pico_bit_ops/bit_ops_aeabi.S.obj
 .preinit_array.00020
                0x0000000020000e10        0x4 CMakeFiles/st7735.dir/home/rbp28668/pico/pico-sdk/src/rp2_common/pico_double/double_aeabi.S.obj
 .preinit_array.00020
                0x0000000020000e14        0x4 CMakeFiles/st7735.dir/home/rbp28668/pico/pico-sdk/src/rp2_common/pico_float/float_aeabi.S.obj
 *(.preinit_array)
                0x0000000020000e18                PROVIDE (__preinit_array_end = .)
                0x0000000020000e18                . = ALIGN (0x4)
                0x0000000020000e18                PROVIDE (__init_array_start = .)
 *(SORT_BY_NAME(.init_array.*))
 *(.init_array)
 .init_array    0x0000000020000e18        0x4 /usr/lib/gcc/arm-none-eabi/10.3.1/thumb/v6-m/nofp/crtbegin.o
 .init_array    0x0000000020000e1c        0x4 CMakeFiles/st7735.dir/home/rbp28668/pico/pico-sdk/src/rp2_common/pico_unique_id/unique_id.c.obj
 .init_array    0x0000000020000e20        0x4 /usr/lib/gcc/arm-none-eabi/10.3.1/../../../arm-none-eabi/lib/thumb/v6-m/nofp/libstdc++.a(eh_alloc.o)
                0x0000000020000e24                PROVIDE (__init_array_end = .)
                0x0000000020000e24                . = ALIGN (0x4)
                0x0000000020000e24                PROVIDE (__fini_array_start = .)
 *(SORT_BY_NAME(.fini_array.*))
 *(.fini_array)
                0x0000000020000e24                PROVIDE (__fini_array_end = .)
 *(.jcr)
                0x0000000020000e24                . = ALIGN (0x4)
                0x0000000020000e24                __data_end__ = .

.tm_clone_table
                0x0000000020000e24        0x0 load address 0x000000001000b20c
 .tm_clone_table
                0x0000000020000e24        0x0 /usr/lib/gcc/arm-none-eabi/10.3.1/thumb/v6-m/nofp/crtbegin.o
 .tm_clone_table
                0x0000000020000e24        0x0 /usr/lib/gcc/arm-none-eabi/10.3.1/thumb/v6-m/nofp/crtend.o

.igot.plt       0x0000000020000e24        0x0 load address 0x000000001000b20c
 .igot.plt      0x0000000020000e24        0x0 /usr/lib/gcc/arm-none-eabi/10.3.1/thumb/v6-m/nofp/crtbegin.o

.uninitialized_data
                0x0000000020000e24        0x0 load address 0x000000001000b20c
                0x0000000020000e24                . = ALIGN (0x4)
 *(.uninitialized_data*)

.scratch_x      0x0000000020040000        0x0 load address 0x000000001000b20c
                0x0000000020040000                __scratch_x_start__ = .
 *(.scratch_x.*)
                0x0000000020040000                . = ALIGN (0x4)
                0x0000000020040000                __scratch_x_end__ = .
                0x000000001000b20c                __scratch_x_source__ = LOADADDR (.scratch_x)

.scratch_y      0x0000000020041000        0x0 load address 0x000000001000b20c
                0x0000000020041000                __scratch_y_start__ = .
 *(.scratch_y.*)
                0x0000000020041000                . = ALIGN (0x4)
                0x0000000020041000                __scratch_y_end__ = .
                0x000000001000b20c                __scratch_y_source__ = LOADADDR (.scratch_y)

.bss            0x0000000020000e28      0x520
                0x0000000020000e28                . = ALIGN (0x4)
                0x0000000020000e28                __bss_start__ = .
 *(SORT_BY_ALIGNMENT(SORT_BY_NAME(.bss*)))
 .bss.default_alarm_pool_entries
                0x0000000020000e28      0x100 CMakeFiles/st7735.dir/home/rbp28668/pico/pico-sdk/src/common/pico_time/time.c.obj
 .bss.sd_table  0x0000000020000f28      0x100 CMakeFiles/st7735.dir/home/rbp28668/pico/pico-sdk/src/rp2_common/pico_double/double_init_rom.c.obj
                0x0000000020000f28                sd_table
 .bss.sf_table  0x0000000020001028      0x100 CMakeFiles/st7735.dir/home/rbp28668/pico/pico-sdk/src/rp2_common/pico_float/float_init_rom.c.obj
                0x0000000020001028                sf_table
 .bss           0x0000000020001128       0x1c /usr/lib/gcc/arm-none-eabi/10.3.1/thumb/v6-m/nofp/crtbegin.o
 .bss           0x0000000020001144       0x34 /usr/lib/gcc/arm-none-eabi/10.3.1/../../../arm-none-eabi/lib/thumb/v6-m/nofp/libc.a(lib_a-mallocr.o)
                0x0000000020001144                __malloc_top_pad
                0x0000000020001148                __malloc_current_mallinfo
                0x0000000020001170                __malloc_max_sbrked_mem
                0x0000000020001174                __malloc_max_total_mem
 .bss           0x0000000020001178        0x4 /usr/lib/gcc/arm-none-eabi/10.3.1/../../../arm-none-eabi/lib/thumb/v6-m/nofp/libc.a(lib_a-reent.o)
                0x0000000020001178                errno
 .bss._ZN12_GLOBAL__N_114emergency_poolE
                0x000000002000117c       0x10 /usr/lib/gcc/arm-none-eabi/10.3.1/../../../arm-none-eabi/lib/thumb/v6-m/nofp/libstdc++.a(eh_alloc.o)
 .bss.alarm_callbacks
                0x000000002000118c       0x10 CMakeFiles/st7735.dir/home/rbp28668/pico/pico-sdk/src/rp2_common/hardware_timer/timer.c.obj
 .bss.boot2_copyout
                0x000000002000119c      0x100 CMakeFiles/st7735.dir/home/rbp28668/pico/pico-sdk/src/rp2_common/hardware_flash/flash.c.obj
 .bss.configured_freq
                0x000000002000129c       0x28 CMakeFiles/st7735.dir/home/rbp28668/pico/pico-sdk/src/rp2_common/hardware_clocks/clocks.c.obj
 .bss.default_alarm_pool_entry_ids_high
                0x00000000200012c4       0x10 CMakeFiles/st7735.dir/home/rbp28668/pico/pico-sdk/src/common/pico_time/time.c.obj
 .bss.default_alarm_pool_heap_nodes
                0x00000000200012d4       0x30 CMakeFiles/st7735.dir/home/rbp28668/pico/pico-sdk/src/common/pico_time/time.c.obj
 .bss.drivers   0x0000000020001304        0x4 CMakeFiles/st7735.dir/home/rbp28668/pico/pico-sdk/src/rp2_common/pico_stdio/stdio.c.obj
 .bss.filter    0x0000000020001308        0x4 CMakeFiles/st7735.dir/home/rbp28668/pico/pico-sdk/src/rp2_common/pico_stdio/stdio.c.obj
 .bss.heap_end.0
                0x000000002000130c        0x4 CMakeFiles/st7735.dir/home/rbp28668/pico/pico-sdk/src/rp2_common/pico_runtime/runtime.c.obj
 .bss.lazy_vsnprintf
                0x0000000020001310        0x4 CMakeFiles/st7735.dir/home/rbp28668/pico/pico-sdk/src/rp2_common/pico_printf/printf.c.obj
 .bss.pools     0x0000000020001314       0x10 CMakeFiles/st7735.dir/home/rbp28668/pico/pico-sdk/src/common/pico_time/time.c.obj
 .bss.retrieved_id
                0x0000000020001324        0x8 CMakeFiles/st7735.dir/home/rbp28668/pico/pico-sdk/src/rp2_common/pico_unique_id/unique_id.c.obj
 .bss.sf_clz_func
                0x000000002000132c        0x4 CMakeFiles/st7735.dir/home/rbp28668/pico/pico-sdk/src/rp2_common/pico_double/double_init_rom.c.obj
                0x000000002000132c                sf_clz_func
 .bss.sleep_notifier
                0x0000000020001330        0x4 CMakeFiles/st7735.dir/home/rbp28668/pico/pico-sdk/src/common/pico_time/time.c.obj
 .bss.target_hi
                0x0000000020001334       0x10 CMakeFiles/st7735.dir/home/rbp28668/pico/pico-sdk/src/rp2_common/hardware_timer/timer.c.obj
 .bss.boot2_copyout_valid
                0x0000000020001344        0x1 CMakeFiles/st7735.dir/home/rbp28668/pico/pico-sdk/src/rp2_common/hardware_flash/flash.c.obj
 .bss.claimed   0x0000000020001345        0x1 CMakeFiles/st7735.dir/home/rbp28668/pico/pico-sdk/src/rp2_common/hardware_timer/timer.c.obj
 .bss.irq_hander_chain_free_slot_head
                0x0000000020001346        0x1 CMakeFiles/st7735.dir/home/rbp28668/pico/pico-sdk/src/rp2_common/hardware_irq/irq.c.obj
 .bss.timer_callbacks_pending
                0x0000000020001347        0x1 CMakeFiles/st7735.dir/home/rbp28668/pico/pico-sdk/src/rp2_common/hardware_timer/timer.c.obj
 *(COMMON)
                0x0000000020001348                . = ALIGN (0x4)
                0x0000000020001348                __bss_end__ = .

.heap           0x0000000020001348      0x800
                0x0000000020001348                __end__ = .
                0x0000000020001348                end = __end__
 *(.heap*)
 .heap          0x0000000020001348      0x800 CMakeFiles/st7735.dir/home/rbp28668/pico/pico-sdk/src/rp2_common/pico_standard_link/crt0.S.obj
                0x0000000020001b48                __HeapLimit = .

.stack1_dummy   0x0000000020040000        0x0
 *(.stack1*)

.stack_dummy    0x0000000020041000      0x800
 *(.stack*)
 .stack         0x0000000020041000      0x800 CMakeFiles/st7735.dir/home/rbp28668/pico/pico-sdk/src/rp2_common/pico_standard_link/crt0.S.obj

.flash_end      0x000000001000b20c        0x0
                0x000000001000b20c                __flash_binary_end = .
                0x0000000020040000                __StackLimit = (ORIGIN (RAM) + LENGTH (RAM))
                0x0000000020041000                __StackOneTop = (ORIGIN (SCRATCH_X) + LENGTH (SCRATCH_X))
                0x0000000020042000                __StackTop = (ORIGIN (SCRATCH_Y) + LENGTH (SCRATCH_Y))
                0x0000000020041000                __StackOneBottom = (__StackOneTop - SIZEOF (.stack1_dummy))
                0x0000000020041800                __StackBottom = (__StackTop - SIZEOF (.stack_dummy))
                0x0000000020042000                PROVIDE (__stack = __StackTop)
                0x0000000000000001                ASSERT ((__StackLimit >= __HeapLimit), region RAM overflowed)
                0x0000000000000001                ASSERT (((__binary_info_header_end - __logical_binary_start) <= 0x100), Binary info must be in first 256 bytes of the binary)
LOAD CMakeFiles/st7735.dir/main.cpp.obj
LOAD CMakeFiles/st7735.dir/home/rbp28668/Projects/pico/PicoHardware/spi.cpp.obj
LOAD CMakeFiles/st7735.dir/ST7735_pico.cpp.obj
LOAD CMakeFiles/st7735.dir/glcdfont.c.obj
LOAD CMakeFiles/st7735.dir/ST7735_font_ComicSansMS.c.obj
LOAD CMakeFiles/st7735.dir/ST7735_font_Arial.c.obj
LOAD CMakeFiles/st7735.dir/home/rbp28668/pico/pico-sdk/src/rp2_common/pico_stdlib/stdlib.c.obj
LOAD CMakeFiles/st7735.dir/home/rbp28668/pico/pico-sdk/src/rp2_common/hardware_gpio/gpio.c.obj
LOAD CMakeFiles/st7735.dir/home/rbp28668/pico/pico-sdk/src/rp2_common/hardware_claim/claim.c.obj
LOAD CMakeFiles/st7735.dir/home/rbp28668/pico/pico-sdk/src/rp2_common/pico_platform/platform.c.obj
LOAD CMakeFiles/st7735.dir/home/rbp28668/pico/pico-sdk/src/rp2_common/hardware_sync/sync.c.obj
LOAD CMakeFiles/st7735.dir/home/rbp28668/pico/pico-sdk/src/rp2_common/hardware_irq/irq.c.obj
LOAD CMakeFiles/st7735.dir/home/rbp28668/pico/pico-sdk/src/rp2_common/hardware_irq/irq_handler_chain.S.obj
LOAD CMakeFiles/st7735.dir/home/rbp28668/pico/pico-sdk/src/common/pico_sync/sem.c.obj
LOAD CMakeFiles/st7735.dir/home/rbp28668/pico/pico-sdk/src/common/pico_sync/lock_core.c.obj
LOAD CMakeFiles/st7735.dir/home/rbp28668/pico/pico-sdk/src/common/pico_time/time.c.obj
LOAD CMakeFiles/st7735.dir/home/rbp28668/pico/pico-sdk/src/common/pico_time/timeout_helper.c.obj
LOAD CMakeFiles/st7735.dir/home/rbp28668/pico/pico-sdk/src/rp2_common/hardware_timer/timer.c.obj
LOAD CMakeFiles/st7735.dir/home/rbp28668/pico/pico-sdk/src/common/pico_util/datetime.c.obj
LOAD CMakeFiles/st7735.dir/home/rbp28668/pico/pico-sdk/src/common/pico_util/pheap.c.obj
LOAD CMakeFiles/st7735.dir/home/rbp28668/pico/pico-sdk/src/common/pico_util/queue.c.obj
LOAD CMakeFiles/st7735.dir/home/rbp28668/pico/pico-sdk/src/common/pico_sync/mutex.c.obj
LOAD CMakeFiles/st7735.dir/home/rbp28668/pico/pico-sdk/src/common/pico_sync/critical_section.c.obj
LOAD CMakeFiles/st7735.dir/home/rbp28668/pico/pico-sdk/src/rp2_common/hardware_uart/uart.c.obj
LOAD CMakeFiles/st7735.dir/home/rbp28668/pico/pico-sdk/src/rp2_common/hardware_divider/divider.S.obj
LOAD CMakeFiles/st7735.dir/home/rbp28668/pico/pico-sdk/src/rp2_common/pico_runtime/runtime.c.obj
LOAD CMakeFiles/st7735.dir/home/rbp28668/pico/pico-sdk/src/rp2_common/hardware_clocks/clocks.c.obj
LOAD CMakeFiles/st7735.dir/home/rbp28668/pico/pico-sdk/src/rp2_common/hardware_pll/pll.c.obj
LOAD CMakeFiles/st7735.dir/home/rbp28668/pico/pico-sdk/src/rp2_common/hardware_vreg/vreg.c.obj
LOAD CMakeFiles/st7735.dir/home/rbp28668/pico/pico-sdk/src/rp2_common/hardware_watchdog/watchdog.c.obj
LOAD CMakeFiles/st7735.dir/home/rbp28668/pico/pico-sdk/src/rp2_common/hardware_xosc/xosc.c.obj
LOAD CMakeFiles/st7735.dir/home/rbp28668/pico/pico-sdk/src/rp2_common/pico_printf/printf.c.obj
LOAD CMakeFiles/st7735.dir/home/rbp28668/pico/pico-sdk/src/rp2_common/pico_bit_ops/bit_ops_aeabi.S.obj
LOAD CMakeFiles/st7735.dir/home/rbp28668/pico/pico-sdk/src/rp2_common/pico_bootrom/bootrom.c.obj
LOAD CMakeFiles/st7735.dir/home/rbp28668/pico/pico-sdk/src/rp2_common/pico_divider/divider.S.obj
LOAD CMakeFiles/st7735.dir/home/rbp28668/pico/pico-sdk/src/rp2_common/pico_double/double_aeabi.S.obj
LOAD CMakeFiles/st7735.dir/home/rbp28668/pico/pico-sdk/src/rp2_common/pico_double/double_init_rom.c.obj
LOAD CMakeFiles/st7735.dir/home/rbp28668/pico/pico-sdk/src/rp2_common/pico_double/double_math.c.obj
LOAD CMakeFiles/st7735.dir/home/rbp28668/pico/pico-sdk/src/rp2_common/pico_double/double_v1_rom_shim.S.obj
LOAD CMakeFiles/st7735.dir/home/rbp28668/pico/pico-sdk/src/rp2_common/pico_int64_ops/pico_int64_ops_aeabi.S.obj
LOAD CMakeFiles/st7735.dir/home/rbp28668/pico/pico-sdk/src/rp2_common/pico_float/float_aeabi.S.obj
LOAD CMakeFiles/st7735.dir/home/rbp28668/pico/pico-sdk/src/rp2_common/pico_float/float_init_rom.c.obj
LOAD CMakeFiles/st7735.dir/home/rbp28668/pico/pico-sdk/src/rp2_common/pico_float/float_math.c.obj
LOAD CMakeFiles/st7735.dir/home/rbp28668/pico/pico-sdk/src/rp2_common/pico_float/float_v1_rom_shim.S.obj
LOAD CMakeFiles/st7735.dir/home/rbp28668/pico/pico-sdk/src/rp2_common/pico_malloc/pico_malloc.c.obj
LOAD CMakeFiles/st7735.dir/home/rbp28668/pico/pico-sdk/src/rp2_common/pico_mem_ops/mem_ops_aeabi.S.obj
LOAD CMakeFiles/st7735.dir/home/rbp28668/pico/pico-sdk/src/rp2_common/pico_standard_link/crt0.S.obj
LOAD CMakeFiles/st7735.dir/home/rbp28668/pico/pico-sdk/src/rp2_common/pico_standard_link/new_delete.cpp.obj
LOAD CMakeFiles/st7735.dir/home/rbp28668/pico/pico-sdk/src/rp2_common/pico_standard_link/binary_info.c.obj
LOAD CMakeFiles/st7735.dir/home/rbp28668/pico/pico-sdk/src/rp2_common/pico_stdio/stdio.c.obj
LOAD CMakeFiles/st7735.dir/home/rbp28668/pico/pico-sdk/src/rp2_common/pico_stdio_usb/reset_interface.c.obj
LOAD CMakeFiles/st7735.dir/home/rbp28668/pico/pico-sdk/src/rp2_common/pico_stdio_usb/stdio_usb.c.obj
LOAD CMakeFiles/st7735.dir/home/rbp28668/pico/pico-sdk/src/rp2_common/pico_stdio_usb/stdio_usb_descriptors.c.obj
LOAD CMakeFiles/st7735.dir/home/rbp28668/pico/pico-sdk/lib/tinyusb/src/portable/raspberrypi/rp2040/dcd_rp2040.c.obj
LOAD CMakeFiles/st7735.dir/home/rbp28668/pico/pico-sdk/lib/tinyusb/src/portable/raspberrypi/rp2040/rp2040_usb.c.obj
LOAD CMakeFiles/st7735.dir/home/rbp28668/pico/pico-sdk/lib/tinyusb/src/device/usbd.c.obj
LOAD CMakeFiles/st7735.dir/home/rbp28668/pico/pico-sdk/lib/tinyusb/src/device/usbd_control.c.obj
LOAD CMakeFiles/st7735.dir/home/rbp28668/pico/pico-sdk/lib/tinyusb/src/class/audio/audio_device.c.obj
LOAD CMakeFiles/st7735.dir/home/rbp28668/pico/pico-sdk/lib/tinyusb/src/class/cdc/cdc_device.c.obj
LOAD CMakeFiles/st7735.dir/home/rbp28668/pico/pico-sdk/lib/tinyusb/src/class/dfu/dfu_device.c.obj
LOAD CMakeFiles/st7735.dir/home/rbp28668/pico/pico-sdk/lib/tinyusb/src/class/dfu/dfu_rt_device.c.obj
LOAD CMakeFiles/st7735.dir/home/rbp28668/pico/pico-sdk/lib/tinyusb/src/class/hid/hid_device.c.obj
LOAD CMakeFiles/st7735.dir/home/rbp28668/pico/pico-sdk/lib/tinyusb/src/class/midi/midi_device.c.obj
LOAD CMakeFiles/st7735.dir/home/rbp28668/pico/pico-sdk/lib/tinyusb/src/class/msc/msc_device.c.obj
LOAD CMakeFiles/st7735.dir/home/rbp28668/pico/pico-sdk/lib/tinyusb/src/class/net/ecm_rndis_device.c.obj
LOAD CMakeFiles/st7735.dir/home/rbp28668/pico/pico-sdk/lib/tinyusb/src/class/net/ncm_device.c.obj
LOAD CMakeFiles/st7735.dir/home/rbp28668/pico/pico-sdk/lib/tinyusb/src/class/usbtmc/usbtmc_device.c.obj
LOAD CMakeFiles/st7735.dir/home/rbp28668/pico/pico-sdk/lib/tinyusb/src/class/vendor/vendor_device.c.obj
LOAD CMakeFiles/st7735.dir/home/rbp28668/pico/pico-sdk/lib/tinyusb/src/class/video/video_device.c.obj
LOAD CMakeFiles/st7735.dir/home/rbp28668/pico/pico-sdk/lib/tinyusb/src/tusb.c.obj
LOAD CMakeFiles/st7735.dir/home/rbp28668/pico/pico-sdk/lib/tinyusb/src/common/tusb_fifo.c.obj
LOAD CMakeFiles/st7735.dir/home/rbp28668/pico/pico-sdk/src/rp2_common/pico_fix/rp2040_usb_device_enumeration/rp2040_usb_device_enumeration.c.obj
LOAD CMakeFiles/st7735.dir/home/rbp28668/pico/pico-sdk/src/rp2_common/pico_unique_id/unique_id.c.obj
LOAD CMakeFiles/st7735.dir/home/rbp28668/pico/pico-sdk/src/rp2_common/hardware_flash/flash.c.obj
LOAD CMakeFiles/st7735.dir/home/rbp28668/pico/pico-sdk/src/rp2_common/hardware_i2c/i2c.c.obj
LOAD CMakeFiles/st7735.dir/home/rbp28668/pico/pico-sdk/src/rp2_common/hardware_spi/spi.c.obj
LOAD /tmp/cchn0xhr.o
LOAD /usr/lib/gcc/arm-none-eabi/10.3.1/../../../arm-none-eabi/lib/thumb/v6-m/nofp/libstdc++.a
LOAD /usr/lib/gcc/arm-none-eabi/10.3.1/../../../arm-none-eabi/lib/thumb/v6-m/nofp/libm.a
START GROUP
LOAD /usr/lib/gcc/arm-none-eabi/10.3.1/thumb/v6-m/nofp/libgcc.a
LOAD /usr/lib/gcc/arm-none-eabi/10.3.1/../../../arm-none-eabi/lib/thumb/v6-m/nofp/libc.a
END GROUP
START GROUP
LOAD /usr/lib/gcc/arm-none-eabi/10.3.1/thumb/v6-m/nofp/libgcc.a
LOAD /usr/lib/gcc/arm-none-eabi/10.3.1/../../../arm-none-eabi/lib/thumb/v6-m/nofp/libc.a
LOAD /usr/lib/gcc/arm-none-eabi/10.3.1/../../../arm-none-eabi/lib/thumb/v6-m/nofp/libnosys.a
END GROUP
LOAD /usr/lib/gcc/arm-none-eabi/10.3.1/thumb/v6-m/nofp/crtend.o
LOAD /usr/lib/gcc/arm-none-eabi/10.3.1/thumb/v6-m/nofp/crtn.o
OUTPUT(st7735.elf elf32-littlearm)
LOAD linker stubs

.ARM.attributes
                0x0000000000000000       0x28
 .ARM.attributes
                0x0000000000000000       0x1e /usr/lib/gcc/arm-none-eabi/10.3.1/thumb/v6-m/nofp/crti.o
 .ARM.attributes
                0x000000000000001e       0x2c /usr/lib/gcc/arm-none-eabi/10.3.1/thumb/v6-m/nofp/crtbegin.o
 .ARM.attributes
                0x000000000000004a       0x2c CMakeFiles/st7735.dir/main.cpp.obj
 .ARM.attributes
                0x0000000000000076       0x2c CMakeFiles/st7735.dir/home/rbp28668/Projects/pico/PicoHardware/spi.cpp.obj
 .ARM.attributes
                0x00000000000000a2       0x2c CMakeFiles/st7735.dir/ST7735_pico.cpp.obj
 .ARM.attributes
                0x00000000000000ce       0x32 CMakeFiles/st7735.dir/glcdfont.c.obj
 .ARM.attributes
                0x0000000000000100       0x32 CMakeFiles/st7735.dir/ST7735_font_Arial.c.obj
 .ARM.attributes
                0x0000000000000132       0x2c CMakeFiles/st7735.dir/home/rbp28668/pico/pico-sdk/src/rp2_common/hardware_gpio/gpio.c.obj
 .ARM.attributes
                0x000000000000015e       0x2c CMakeFiles/st7735.dir/home/rbp28668/pico/pico-sdk/src/rp2_common/hardware_claim/claim.c.obj
 .ARM.attributes
                0x000000000000018a       0x2c CMakeFiles/st7735.dir/home/rbp28668/pico/pico-sdk/src/rp2_common/pico_platform/platform.c.obj
 .ARM.attributes
                0x00000000000001b6       0x2c CMakeFiles/st7735.dir/home/rbp28668/pico/pico-sdk/src/rp2_common/hardware_sync/sync.c.obj
 .ARM.attributes
                0x00000000000001e2       0x2c CMakeFiles/st7735.dir/home/rbp28668/pico/pico-sdk/src/rp2_common/hardware_irq/irq.c.obj
 .ARM.attributes
                0x000000000000020e       0x22 CMakeFiles/st7735.dir/home/rbp28668/pico/pico-sdk/src/rp2_common/hardware_irq/irq_handler_chain.S.obj
 .ARM.attributes
                0x0000000000000230       0x2c CMakeFiles/st7735.dir/home/rbp28668/pico/pico-sdk/src/common/pico_sync/lock_core.c.obj
 .ARM.attributes
                0x000000000000025c       0x2c CMakeFiles/st7735.dir/home/rbp28668/pico/pico-sdk/src/common/pico_time/time.c.obj
 .ARM.attributes
                0x0000000000000288       0x2c CMakeFiles/st7735.dir/home/rbp28668/pico/pico-sdk/src/rp2_common/hardware_timer/timer.c.obj
 .ARM.attributes
                0x00000000000002b4       0x2c CMakeFiles/st7735.dir/home/rbp28668/pico/pico-sdk/src/common/pico_util/pheap.c.obj
 .ARM.attributes
                0x00000000000002e0       0x2c CMakeFiles/st7735.dir/home/rbp28668/pico/pico-sdk/src/common/pico_sync/mutex.c.obj
 .ARM.attributes
                0x000000000000030c       0x2c CMakeFiles/st7735.dir/home/rbp28668/pico/pico-sdk/src/rp2_common/pico_runtime/runtime.c.obj
 .ARM.attributes
                0x0000000000000338       0x2c CMakeFiles/st7735.dir/home/rbp28668/pico/pico-sdk/src/rp2_common/hardware_clocks/clocks.c.obj
 .ARM.attributes
                0x0000000000000364       0x2c CMakeFiles/st7735.dir/home/rbp28668/pico/pico-sdk/src/rp2_common/hardware_pll/pll.c.obj
 .ARM.attributes
                0x0000000000000390       0x2c CMakeFiles/st7735.dir/home/rbp28668/pico/pico-sdk/src/rp2_common/hardware_watchdog/watchdog.c.obj
 .ARM.attributes
                0x00000000000003bc       0x2c CMakeFiles/st7735.dir/home/rbp28668/pico/pico-sdk/src/rp2_common/hardware_xosc/xosc.c.obj
 .ARM.attributes
                0x00000000000003e8       0x2c CMakeFiles/st7735.dir/home/rbp28668/pico/pico-sdk/src/rp2_common/pico_printf/printf.c.obj
 .ARM.attributes
                0x0000000000000414       0x22 CMakeFiles/st7735.dir/home/rbp28668/pico/pico-sdk/src/rp2_common/pico_bit_ops/bit_ops_aeabi.S.obj
 .ARM.attributes
                0x0000000000000436       0x2c CMakeFiles/st7735.dir/home/rbp28668/pico/pico-sdk/src/rp2_common/pico_bootrom/bootrom.c.obj
 .ARM.attributes
                0x0000000000000462       0x22 CMakeFiles/st7735.dir/home/rbp28668/pico/pico-sdk/src/rp2_common/pico_divider/divider.S.obj
 .ARM.attributes
                0x0000000000000484       0x22 CMakeFiles/st7735.dir/home/rbp28668/pico/pico-sdk/src/rp2_common/pico_double/double_aeabi.S.obj
 .ARM.attributes
                0x00000000000004a6       0x2c CMakeFiles/st7735.dir/home/rbp28668/pico/pico-sdk/src/rp2_common/pico_double/double_init_rom.c.obj
 .ARM.attributes
                0x00000000000004d2       0x22 CMakeFiles/st7735.dir/home/rbp28668/pico/pico-sdk/src/rp2_common/pico_double/double_v1_rom_shim.S.obj
 .ARM.attributes
                0x00000000000004f4       0x22 CMakeFiles/st7735.dir/home/rbp28668/pico/pico-sdk/src/rp2_common/pico_int64_ops/pico_int64_ops_aeabi.S.obj
 .ARM.attributes
                0x0000000000000516       0x22 CMakeFiles/st7735.dir/home/rbp28668/pico/pico-sdk/src/rp2_common/pico_float/float_aeabi.S.obj
 .ARM.attributes
                0x0000000000000538       0x2c CMakeFiles/st7735.dir/home/rbp28668/pico/pico-sdk/src/rp2_common/pico_float/float_init_rom.c.obj
 .ARM.attributes
                0x0000000000000564       0x22 CMakeFiles/st7735.dir/home/rbp28668/pico/pico-sdk/src/rp2_common/pico_float/float_v1_rom_shim.S.obj
 .ARM.attributes
                0x0000000000000586       0x2c CMakeFiles/st7735.dir/home/rbp28668/pico/pico-sdk/src/rp2_common/pico_malloc/pico_malloc.c.obj
 .ARM.attributes
                0x00000000000005b2       0x22 CMakeFiles/st7735.dir/home/rbp28668/pico/pico-sdk/src/rp2_common/pico_mem_ops/mem_ops_aeabi.S.obj
 .ARM.attributes
                0x00000000000005d4       0x22 CMakeFiles/st7735.dir/home/rbp28668/pico/pico-sdk/src/rp2_common/pico_standard_link/crt0.S.obj
 .ARM.attributes
                0x00000000000005f6       0x2c CMakeFiles/st7735.dir/home/rbp28668/pico/pico-sdk/src/rp2_common/pico_standard_link/new_delete.cpp.obj
 .ARM.attributes
                0x0000000000000622       0x32 CMakeFiles/st7735.dir/home/rbp28668/pico/pico-sdk/src/rp2_common/pico_standard_link/binary_info.c.obj
 .ARM.attributes
                0x0000000000000654       0x2c CMakeFiles/st7735.dir/home/rbp28668/pico/pico-sdk/src/rp2_common/pico_stdio/stdio.c.obj
 .ARM.attributes
                0x0000000000000680       0x2c CMakeFiles/st7735.dir/home/rbp28668/pico/pico-sdk/src/rp2_common/pico_unique_id/unique_id.c.obj
 .ARM.attributes
                0x00000000000006ac       0x2c CMakeFiles/st7735.dir/home/rbp28668/pico/pico-sdk/src/rp2_common/hardware_flash/flash.c.obj
 .ARM.attributes
                0x00000000000006d8       0x2c CMakeFiles/st7735.dir/home/rbp28668/pico/pico-sdk/src/rp2_common/hardware_spi/spi.c.obj
 .ARM.attributes
                0x0000000000000704       0x22 /tmp/cchn0xhr.o
 .ARM.attributes
                0x0000000000000726       0x2c /usr/lib/gcc/arm-none-eabi/10.3.1/../../../arm-none-eabi/lib/thumb/v6-m/nofp/libstdc++.a(eh_alloc.o)
 .ARM.attributes
                0x0000000000000752       0x1e /usr/lib/gcc/arm-none-eabi/10.3.1/thumb/v6-m/nofp/libgcc.a(_dvmd_tls.o)
 .ARM.attributes
                0x0000000000000770       0x2c /usr/lib/gcc/arm-none-eabi/10.3.1/../../../arm-none-eabi/lib/thumb/v6-m/nofp/libc.a(lib_a-impure.o)
 .ARM.attributes
                0x000000000000079c       0x2c /usr/lib/gcc/arm-none-eabi/10.3.1/../../../arm-none-eabi/lib/thumb/v6-m/nofp/libc.a(lib_a-malloc.o)
 .ARM.attributes
                0x00000000000007c8       0x2c /usr/lib/gcc/arm-none-eabi/10.3.1/../../../arm-none-eabi/lib/thumb/v6-m/nofp/libc.a(lib_a-mallocr.o)
 .ARM.attributes
                0x00000000000007f4       0x2c /usr/lib/gcc/arm-none-eabi/10.3.1/../../../arm-none-eabi/lib/thumb/v6-m/nofp/libc.a(lib_a-mlock.o)
 .ARM.attributes
                0x0000000000000820       0x2c /usr/lib/gcc/arm-none-eabi/10.3.1/../../../arm-none-eabi/lib/thumb/v6-m/nofp/libc.a(lib_a-sbrkr.o)
 .ARM.attributes
                0x000000000000084c       0x2c /usr/lib/gcc/arm-none-eabi/10.3.1/../../../arm-none-eabi/lib/thumb/v6-m/nofp/libc.a(lib_a-strlen-stub.o)
 .ARM.attributes
                0x0000000000000878       0x2c /usr/lib/gcc/arm-none-eabi/10.3.1/../../../arm-none-eabi/lib/thumb/v6-m/nofp/libc.a(lib_a-freer.o)
 .ARM.attributes
                0x00000000000008a4       0x2c /usr/lib/gcc/arm-none-eabi/10.3.1/../../../arm-none-eabi/lib/thumb/v6-m/nofp/libc.a(lib_a-reent.o)
 .ARM.attributes
                0x00000000000008d0       0x2c /usr/lib/gcc/arm-none-eabi/10.3.1/thumb/v6-m/nofp/crtend.o

.comment        0x0000000000000000       0x33
 .comment       0x0000000000000000       0x33 /usr/lib/gcc/arm-none-eabi/10.3.1/thumb/v6-m/nofp/crtbegin.o
                                         0x34 (size before relaxing)
 .comment       0x0000000000000033       0x34 CMakeFiles/st7735.dir/main.cpp.obj
 .comment       0x0000000000000033       0x34 CMakeFiles/st7735.dir/home/rbp28668/Projects/pico/PicoHardware/spi.cpp.obj
 .comment       0x0000000000000033       0x34 CMakeFiles/st7735.dir/ST7735_pico.cpp.obj
 .comment       0x0000000000000033       0x34 CMakeFiles/st7735.dir/glcdfont.c.obj
 .comment       0x0000000000000033       0x34 CMakeFiles/st7735.dir/ST7735_font_Arial.c.obj
 .comment       0x0000000000000033       0x34 CMakeFiles/st7735.dir/home/rbp28668/pico/pico-sdk/src/rp2_common/hardware_gpio/gpio.c.obj
 .comment       0x0000000000000033       0x34 CMakeFiles/st7735.dir/home/rbp28668/pico/pico-sdk/src/rp2_common/hardware_claim/claim.c.obj
 .comment       0x0000000000000033       0x34 CMakeFiles/st7735.dir/home/rbp28668/pico/pico-sdk/src/rp2_common/pico_platform/platform.c.obj
 .comment       0x0000000000000033       0x34 CMakeFiles/st7735.dir/home/rbp28668/pico/pico-sdk/src/rp2_common/hardware_sync/sync.c.obj
 .comment       0x0000000000000033       0x34 CMakeFiles/st7735.dir/home/rbp28668/pico/pico-sdk/src/rp2_common/hardware_irq/irq.c.obj
 .comment       0x0000000000000033       0x34 CMakeFiles/st7735.dir/home/rbp28668/pico/pico-sdk/src/common/pico_sync/lock_core.c.obj
 .comment       0x0000000000000033       0x34 CMakeFiles/st7735.dir/home/rbp28668/pico/pico-sdk/src/common/pico_time/time.c.obj
 .comment       0x0000000000000033       0x34 CMakeFiles/st7735.dir/home/rbp28668/pico/pico-sdk/src/rp2_common/hardware_timer/timer.c.obj
 .comment       0x0000000000000033       0x34 CMakeFiles/st7735.dir/home/rbp28668/pico/pico-sdk/src/common/pico_util/pheap.c.obj
 .comment       0x0000000000000033       0x34 CMakeFiles/st7735.dir/home/rbp28668/pico/pico-sdk/src/common/pico_sync/mutex.c.obj
 .comment       0x0000000000000033       0x34 CMakeFiles/st7735.dir/home/rbp28668/pico/pico-sdk/src/rp2_common/pico_runtime/runtime.c.obj
 .comment       0x0000000000000033       0x34 CMakeFiles/st7735.dir/home/rbp28668/pico/pico-sdk/src/rp2_common/hardware_clocks/clocks.c.obj
 .comment       0x0000000000000033       0x34 CMakeFiles/st7735.dir/home/rbp28668/pico/pico-sdk/src/rp2_common/hardware_pll/pll.c.obj
 .comment       0x0000000000000033       0x34 CMakeFiles/st7735.dir/home/rbp28668/pico/pico-sdk/src/rp2_common/hardware_watchdog/watchdog.c.obj
 .comment       0x0000000000000033       0x34 CMakeFiles/st7735.dir/home/rbp28668/pico/pico-sdk/src/rp2_common/hardware_xosc/xosc.c.obj
 .comment       0x0000000000000033       0x34 CMakeFiles/st7735.dir/home/rbp28668/pico/pico-sdk/src/rp2_common/pico_printf/printf.c.obj
 .comment       0x0000000000000033       0x34 CMakeFiles/st7735.dir/home/rbp28668/pico/pico-sdk/src/rp2_common/pico_bootrom/bootrom.c.obj
 .comment       0x0000000000000033       0x34 CMakeFiles/st7735.dir/home/rbp28668/pico/pico-sdk/src/rp2_common/pico_double/double_init_rom.c.obj
 .comment       0x0000000000000033       0x34 CMakeFiles/st7735.dir/home/rbp28668/pico/pico-sdk/src/rp2_common/pico_float/float_init_rom.c.obj
 .comment       0x0000000000000033       0x34 CMakeFiles/st7735.dir/home/rbp28668/pico/pico-sdk/src/rp2_common/pico_malloc/pico_malloc.c.obj
 .comment       0x0000000000000033       0x34 CMakeFiles/st7735.dir/home/rbp28668/pico/pico-sdk/src/rp2_common/pico_standard_link/new_delete.cpp.obj
 .comment       0x0000000000000033       0x34 CMakeFiles/st7735.dir/home/rbp28668/pico/pico-sdk/src/rp2_common/pico_standard_link/binary_info.c.obj
 .comment       0x0000000000000033       0x34 CMakeFiles/st7735.dir/home/rbp28668/pico/pico-sdk/src/rp2_common/pico_stdio/stdio.c.obj
 .comment       0x0000000000000033       0x34 CMakeFiles/st7735.dir/home/rbp28668/pico/pico-sdk/src/rp2_common/pico_unique_id/unique_id.c.obj
 .comment       0x0000000000000033       0x34 CMakeFiles/st7735.dir/home/rbp28668/pico/pico-sdk/src/rp2_common/hardware_flash/flash.c.obj
 .comment       0x0000000000000033       0x34 CMakeFiles/st7735.dir/home/rbp28668/pico/pico-sdk/src/rp2_common/hardware_spi/spi.c.obj
 .comment       0x0000000000000033       0x34 /usr/lib/gcc/arm-none-eabi/10.3.1/../../../arm-none-eabi/lib/thumb/v6-m/nofp/libstdc++.a(eh_alloc.o)
 .comment       0x0000000000000033       0x34 /usr/lib/gcc/arm-none-eabi/10.3.1/../../../arm-none-eabi/lib/thumb/v6-m/nofp/libc.a(lib_a-impure.o)
 .comment       0x0000000000000033       0x34 /usr/lib/gcc/arm-none-eabi/10.3.1/../../../arm-none-eabi/lib/thumb/v6-m/nofp/libc.a(lib_a-malloc.o)
 .comment       0x0000000000000033       0x34 /usr/lib/gcc/arm-none-eabi/10.3.1/../../../arm-none-eabi/lib/thumb/v6-m/nofp/libc.a(lib_a-mallocr.o)
 .comment       0x0000000000000033       0x34 /usr/lib/gcc/arm-none-eabi/10.3.1/../../../arm-none-eabi/lib/thumb/v6-m/nofp/libc.a(lib_a-mlock.o)
 .comment       0x0000000000000033       0x34 /usr/lib/gcc/arm-none-eabi/10.3.1/../../../arm-none-eabi/lib/thumb/v6-m/nofp/libc.a(lib_a-sbrkr.o)
 .comment       0x0000000000000033       0x34 /usr/lib/gcc/arm-none-eabi/10.3.1/../../../arm-none-eabi/lib/thumb/v6-m/nofp/libc.a(lib_a-strlen-stub.o)
 .comment       0x0000000000000033       0x34 /usr/lib/gcc/arm-none-eabi/10.3.1/../../../arm-none-eabi/lib/thumb/v6-m/nofp/libc.a(lib_a-freer.o)
 .comment       0x0000000000000033       0x34 /usr/lib/gcc/arm-none-eabi/10.3.1/../../../arm-none-eabi/lib/thumb/v6-m/nofp/libc.a(lib_a-reent.o)
 .comment       0x0000000000000033       0x34 /usr/lib/gcc/arm-none-eabi/10.3.1/thumb/v6-m/nofp/crtend.o

.debug_info     0x0000000000000000     0x667d
 .debug_info    0x0000000000000000     0x1891 /usr/lib/gcc/arm-none-eabi/10.3.1/../../../arm-none-eabi/lib/thumb/v6-m/nofp/libstdc++.a(eh_alloc.o)
 .debug_info    0x0000000000001891       0x26 /usr/lib/gcc/arm-none-eabi/10.3.1/thumb/v6-m/nofp/libgcc.a(_dvmd_tls.o)
 .debug_info    0x00000000000018b7      0x92a /usr/lib/gcc/arm-none-eabi/10.3.1/../../../arm-none-eabi/lib/thumb/v6-m/nofp/libc.a(lib_a-impure.o)
 .debug_info    0x00000000000021e1      0x998 /usr/lib/gcc/arm-none-eabi/10.3.1/../../../arm-none-eabi/lib/thumb/v6-m/nofp/libc.a(lib_a-malloc.o)
 .debug_info    0x0000000000002b79      0xe80 /usr/lib/gcc/arm-none-eabi/10.3.1/../../../arm-none-eabi/lib/thumb/v6-m/nofp/libc.a(lib_a-mallocr.o)
 .debug_info    0x00000000000039f9      0x942 /usr/lib/gcc/arm-none-eabi/10.3.1/../../../arm-none-eabi/lib/thumb/v6-m/nofp/libc.a(lib_a-mlock.o)
 .debug_info    0x000000000000433b      0x98e /usr/lib/gcc/arm-none-eabi/10.3.1/../../../arm-none-eabi/lib/thumb/v6-m/nofp/libc.a(lib_a-sbrkr.o)
 .debug_info    0x0000000000004cc9       0xee /usr/lib/gcc/arm-none-eabi/10.3.1/../../../arm-none-eabi/lib/thumb/v6-m/nofp/libc.a(lib_a-strlen-stub.o)
 .debug_info    0x0000000000004db7      0xce5 /usr/lib/gcc/arm-none-eabi/10.3.1/../../../arm-none-eabi/lib/thumb/v6-m/nofp/libc.a(lib_a-freer.o)
 .debug_info    0x0000000000005a9c      0xbe1 /usr/lib/gcc/arm-none-eabi/10.3.1/../../../arm-none-eabi/lib/thumb/v6-m/nofp/libc.a(lib_a-reent.o)

.debug_abbrev   0x0000000000000000     0x17f3
 .debug_abbrev  0x0000000000000000      0x6ea /usr/lib/gcc/arm-none-eabi/10.3.1/../../../arm-none-eabi/lib/thumb/v6-m/nofp/libstdc++.a(eh_alloc.o)
 .debug_abbrev  0x00000000000006ea       0x14 /usr/lib/gcc/arm-none-eabi/10.3.1/thumb/v6-m/nofp/libgcc.a(_dvmd_tls.o)
 .debug_abbrev  0x00000000000006fe      0x1b8 /usr/lib/gcc/arm-none-eabi/10.3.1/../../../arm-none-eabi/lib/thumb/v6-m/nofp/libc.a(lib_a-impure.o)
 .debug_abbrev  0x00000000000008b6      0x21a /usr/lib/gcc/arm-none-eabi/10.3.1/../../../arm-none-eabi/lib/thumb/v6-m/nofp/libc.a(lib_a-malloc.o)
 .debug_abbrev  0x0000000000000ad0      0x2f6 /usr/lib/gcc/arm-none-eabi/10.3.1/../../../arm-none-eabi/lib/thumb/v6-m/nofp/libc.a(lib_a-mallocr.o)
 .debug_abbrev  0x0000000000000dc6      0x1f0 /usr/lib/gcc/arm-none-eabi/10.3.1/../../../arm-none-eabi/lib/thumb/v6-m/nofp/libc.a(lib_a-mlock.o)
 .debug_abbrev  0x0000000000000fb6      0x23d /usr/lib/gcc/arm-none-eabi/10.3.1/../../../arm-none-eabi/lib/thumb/v6-m/nofp/libc.a(lib_a-sbrkr.o)
 .debug_abbrev  0x00000000000011f3       0x8f /usr/lib/gcc/arm-none-eabi/10.3.1/../../../arm-none-eabi/lib/thumb/v6-m/nofp/libc.a(lib_a-strlen-stub.o)
 .debug_abbrev  0x0000000000001282      0x2a1 /usr/lib/gcc/arm-none-eabi/10.3.1/../../../arm-none-eabi/lib/thumb/v6-m/nofp/libc.a(lib_a-freer.o)
 .debug_abbrev  0x0000000000001523      0x2d0 /usr/lib/gcc/arm-none-eabi/10.3.1/../../../arm-none-eabi/lib/thumb/v6-m/nofp/libc.a(lib_a-reent.o)

.debug_loc      0x0000000000000000     0x1da8
 .debug_loc     0x0000000000000000      0x688 /usr/lib/gcc/arm-none-eabi/10.3.1/../../../arm-none-eabi/lib/thumb/v6-m/nofp/libstdc++.a(eh_alloc.o)
 .debug_loc     0x0000000000000688       0x64 /usr/lib/gcc/arm-none-eabi/10.3.1/../../../arm-none-eabi/lib/thumb/v6-m/nofp/libc.a(lib_a-malloc.o)
 .debug_loc     0x00000000000006ec      0xef0 /usr/lib/gcc/arm-none-eabi/10.3.1/../../../arm-none-eabi/lib/thumb/v6-m/nofp/libc.a(lib_a-mallocr.o)
 .debug_loc     0x00000000000015dc       0x79 /usr/lib/gcc/arm-none-eabi/10.3.1/../../../arm-none-eabi/lib/thumb/v6-m/nofp/libc.a(lib_a-sbrkr.o)
 .debug_loc     0x0000000000001655       0x90 /usr/lib/gcc/arm-none-eabi/10.3.1/../../../arm-none-eabi/lib/thumb/v6-m/nofp/libc.a(lib_a-strlen-stub.o)
 .debug_loc     0x00000000000016e5      0x4e3 /usr/lib/gcc/arm-none-eabi/10.3.1/../../../arm-none-eabi/lib/thumb/v6-m/nofp/libc.a(lib_a-freer.o)
 .debug_loc     0x0000000000001bc8      0x1e0 /usr/lib/gcc/arm-none-eabi/10.3.1/../../../arm-none-eabi/lib/thumb/v6-m/nofp/libc.a(lib_a-reent.o)

.debug_aranges  0x0000000000000000      0x170
 .debug_aranges
                0x0000000000000000       0x58 /usr/lib/gcc/arm-none-eabi/10.3.1/../../../arm-none-eabi/lib/thumb/v6-m/nofp/libstdc++.a(eh_alloc.o)
 .debug_aranges
                0x0000000000000058       0x20 /usr/lib/gcc/arm-none-eabi/10.3.1/thumb/v6-m/nofp/libgcc.a(_dvmd_tls.o)
 .debug_aranges
                0x0000000000000078       0x18 /usr/lib/gcc/arm-none-eabi/10.3.1/../../../arm-none-eabi/lib/thumb/v6-m/nofp/libc.a(lib_a-impure.o)
 .debug_aranges
                0x0000000000000090       0x20 /usr/lib/gcc/arm-none-eabi/10.3.1/../../../arm-none-eabi/lib/thumb/v6-m/nofp/libc.a(lib_a-malloc.o)
 .debug_aranges
                0x00000000000000b0       0x20 /usr/lib/gcc/arm-none-eabi/10.3.1/../../../arm-none-eabi/lib/thumb/v6-m/nofp/libc.a(lib_a-mallocr.o)
 .debug_aranges
                0x00000000000000d0       0x20 /usr/lib/gcc/arm-none-eabi/10.3.1/../../../arm-none-eabi/lib/thumb/v6-m/nofp/libc.a(lib_a-mlock.o)
 .debug_aranges
                0x00000000000000f0       0x20 /usr/lib/gcc/arm-none-eabi/10.3.1/../../../arm-none-eabi/lib/thumb/v6-m/nofp/libc.a(lib_a-sbrkr.o)
 .debug_aranges
                0x0000000000000110       0x20 /usr/lib/gcc/arm-none-eabi/10.3.1/../../../arm-none-eabi/lib/thumb/v6-m/nofp/libc.a(lib_a-strlen-stub.o)
 .debug_aranges
                0x0000000000000130       0x20 /usr/lib/gcc/arm-none-eabi/10.3.1/../../../arm-none-eabi/lib/thumb/v6-m/nofp/libc.a(lib_a-freer.o)
 .debug_aranges
                0x0000000000000150       0x20 /usr/lib/gcc/arm-none-eabi/10.3.1/../../../arm-none-eabi/lib/thumb/v6-m/nofp/libc.a(lib_a-reent.o)

.debug_ranges   0x0000000000000000      0x210
 .debug_ranges  0x0000000000000000      0x1c0 /usr/lib/gcc/arm-none-eabi/10.3.1/../../../arm-none-eabi/lib/thumb/v6-m/nofp/libstdc++.a(eh_alloc.o)
 .debug_ranges  0x00000000000001c0       0x50 /usr/lib/gcc/arm-none-eabi/10.3.1/../../../arm-none-eabi/lib/thumb/v6-m/nofp/libc.a(lib_a-mallocr.o)

.debug_line     0x0000000000000000     0x1ed2
 .debug_line    0x0000000000000000      0x819 /usr/lib/gcc/arm-none-eabi/10.3.1/../../../arm-none-eabi/lib/thumb/v6-m/nofp/libstdc++.a(eh_alloc.o)
 .debug_line    0x0000000000000819       0x60 /usr/lib/gcc/arm-none-eabi/10.3.1/thumb/v6-m/nofp/libgcc.a(_dvmd_tls.o)
 .debug_line    0x0000000000000879       0xe4 /usr/lib/gcc/arm-none-eabi/10.3.1/../../../arm-none-eabi/lib/thumb/v6-m/nofp/libc.a(lib_a-impure.o)
 .debug_line    0x000000000000095d      0x165 /usr/lib/gcc/arm-none-eabi/10.3.1/../../../arm-none-eabi/lib/thumb/v6-m/nofp/libc.a(lib_a-malloc.o)
 .debug_line    0x0000000000000ac2      0x8e2 /usr/lib/gcc/arm-none-eabi/10.3.1/../../../arm-none-eabi/lib/thumb/v6-m/nofp/libc.a(lib_a-mallocr.o)
 .debug_line    0x00000000000013a4      0x13e /usr/lib/gcc/arm-none-eabi/10.3.1/../../../arm-none-eabi/lib/thumb/v6-m/nofp/libc.a(lib_a-mlock.o)
 .debug_line    0x00000000000014e2      0x183 /usr/lib/gcc/arm-none-eabi/10.3.1/../../../arm-none-eabi/lib/thumb/v6-m/nofp/libc.a(lib_a-sbrkr.o)
 .debug_line    0x0000000000001665      0x172 /usr/lib/gcc/arm-none-eabi/10.3.1/../../../arm-none-eabi/lib/thumb/v6-m/nofp/libc.a(lib_a-strlen-stub.o)
 .debug_line    0x00000000000017d7      0x47d /usr/lib/gcc/arm-none-eabi/10.3.1/../../../arm-none-eabi/lib/thumb/v6-m/nofp/libc.a(lib_a-freer.o)
 .debug_line    0x0000000000001c54      0x27e /usr/lib/gcc/arm-none-eabi/10.3.1/../../../arm-none-eabi/lib/thumb/v6-m/nofp/libc.a(lib_a-reent.o)

.debug_str      0x0000000000000000     0x1745
 .debug_str     0x0000000000000000      0xd5d /usr/lib/gcc/arm-none-eabi/10.3.1/../../../arm-none-eabi/lib/thumb/v6-m/nofp/libstdc++.a(eh_alloc.o)
                                        0xe61 (size before relaxing)
 .debug_str     0x0000000000000d5d       0xa6 /usr/lib/gcc/arm-none-eabi/10.3.1/thumb/v6-m/nofp/libgcc.a(_dvmd_tls.o)
 .debug_str     0x0000000000000e03      0x4a8 /usr/lib/gcc/arm-none-eabi/10.3.1/../../../arm-none-eabi/lib/thumb/v6-m/nofp/libc.a(lib_a-impure.o)
                                        0x57b (size before relaxing)
 .debug_str     0x00000000000012ab       0xab /usr/lib/gcc/arm-none-eabi/10.3.1/../../../arm-none-eabi/lib/thumb/v6-m/nofp/libc.a(lib_a-malloc.o)
                                        0x58f (size before relaxing)
 .debug_str     0x0000000000001356      0x217 /usr/lib/gcc/arm-none-eabi/10.3.1/../../../arm-none-eabi/lib/thumb/v6-m/nofp/libc.a(lib_a-mallocr.o)
                                        0x780 (size before relaxing)
 .debug_str     0x000000000000156d       0x4c /usr/lib/gcc/arm-none-eabi/10.3.1/../../../arm-none-eabi/lib/thumb/v6-m/nofp/libc.a(lib_a-mlock.o)
                                        0x588 (size before relaxing)
 .debug_str     0x00000000000015b9       0x47 /usr/lib/gcc/arm-none-eabi/10.3.1/../../../arm-none-eabi/lib/thumb/v6-m/nofp/libc.a(lib_a-sbrkr.o)
                                        0x572 (size before relaxing)
 .debug_str     0x0000000000001600       0xb3 /usr/lib/gcc/arm-none-eabi/10.3.1/../../../arm-none-eabi/lib/thumb/v6-m/nofp/libc.a(lib_a-strlen-stub.o)
                                        0x1c5 (size before relaxing)
 .debug_str     0x00000000000016b3       0x34 /usr/lib/gcc/arm-none-eabi/10.3.1/../../../arm-none-eabi/lib/thumb/v6-m/nofp/libc.a(lib_a-freer.o)
                                        0x6ca (size before relaxing)
 .debug_str     0x00000000000016e7       0x5e /usr/lib/gcc/arm-none-eabi/10.3.1/../../../arm-none-eabi/lib/thumb/v6-m/nofp/libc.a(lib_a-reent.o)
                                        0x59a (size before relaxing)

.debug_frame    0x0000000000000000      0x280
 .debug_frame   0x0000000000000000       0xdc /usr/lib/gcc/arm-none-eabi/10.3.1/../../../arm-none-eabi/lib/thumb/v6-m/nofp/libstdc++.a(eh_alloc.o)
 .debug_frame   0x00000000000000dc       0x40 /usr/lib/gcc/arm-none-eabi/10.3.1/../../../arm-none-eabi/lib/thumb/v6-m/nofp/libc.a(lib_a-malloc.o)
 .debug_frame   0x000000000000011c       0x3c /usr/lib/gcc/arm-none-eabi/10.3.1/../../../arm-none-eabi/lib/thumb/v6-m/nofp/libc.a(lib_a-mallocr.o)
 .debug_frame   0x0000000000000158       0x30 /usr/lib/gcc/arm-none-eabi/10.3.1/../../../arm-none-eabi/lib/thumb/v6-m/nofp/libc.a(lib_a-mlock.o)
 .debug_frame   0x0000000000000188       0x2c /usr/lib/gcc/arm-none-eabi/10.3.1/../../../arm-none-eabi/lib/thumb/v6-m/nofp/libc.a(lib_a-sbrkr.o)
 .debug_frame   0x00000000000001b4       0x28 /usr/lib/gcc/arm-none-eabi/10.3.1/../../../arm-none-eabi/lib/thumb/v6-m/nofp/libc.a(lib_a-strlen-stub.o)
 .debug_frame   0x00000000000001dc       0x54 /usr/lib/gcc/arm-none-eabi/10.3.1/../../../arm-none-eabi/lib/thumb/v6-m/nofp/libc.a(lib_a-freer.o)
 .debug_frame   0x0000000000000230       0x50 /usr/lib/gcc/arm-none-eabi/10.3.1/../../../arm-none-eabi/lib/thumb/v6-m/nofp/libc.a(lib_a-reent.o)

.stabstr        0x0000000000000000       0x76
 .stabstr       0x0000000000000000       0x76 /usr/lib/gcc/arm-none-eabi/10.3.1/../../../arm-none-eabi/lib/thumb/v6-m/nofp/libnosys.a(getpid.o)